Archive member included to satisfy reference by file (symbol)

c:/program files/stmicroelectronics/stm32cube/stm32cubeide_1.2.0/stm32cubeide/plugins/com.st.stm32cube.ide.mcu.externaltools.gnu-tools-for-stm32.7-2018-q2-update.win32_1.0.0.201904181610/tools/bin/../lib/gcc/arm-none-eabi/7.3.1/../../../../arm-none-eabi/lib/thumb/v7e-m/fpv4-sp/hard\libc_nano.a(lib_a-assert.o)
                              Core/Src/gpio_custom.o (__assert_func)
c:/program files/stmicroelectronics/stm32cube/stm32cubeide_1.2.0/stm32cubeide/plugins/com.st.stm32cube.ide.mcu.externaltools.gnu-tools-for-stm32.7-2018-q2-update.win32_1.0.0.201904181610/tools/bin/../lib/gcc/arm-none-eabi/7.3.1/../../../../arm-none-eabi/lib/thumb/v7e-m/fpv4-sp/hard\libc_nano.a(lib_a-errno.o)
                              Core/Src/syscalls.o (__errno)
c:/program files/stmicroelectronics/stm32cube/stm32cubeide_1.2.0/stm32cubeide/plugins/com.st.stm32cube.ide.mcu.externaltools.gnu-tools-for-stm32.7-2018-q2-update.win32_1.0.0.201904181610/tools/bin/../lib/gcc/arm-none-eabi/7.3.1/../../../../arm-none-eabi/lib/thumb/v7e-m/fpv4-sp/hard\libc_nano.a(lib_a-exit.o)
                              c:/program files/stmicroelectronics/stm32cube/stm32cubeide_1.2.0/stm32cubeide/plugins/com.st.stm32cube.ide.mcu.externaltools.gnu-tools-for-stm32.7-2018-q2-update.win32_1.0.0.201904181610/tools/bin/../lib/gcc/arm-none-eabi/7.3.1/../../../../arm-none-eabi/lib/thumb/v7e-m/fpv4-sp/hard/crt0.o (exit)
c:/program files/stmicroelectronics/stm32cube/stm32cubeide_1.2.0/stm32cubeide/plugins/com.st.stm32cube.ide.mcu.externaltools.gnu-tools-for-stm32.7-2018-q2-update.win32_1.0.0.201904181610/tools/bin/../lib/gcc/arm-none-eabi/7.3.1/../../../../arm-none-eabi/lib/thumb/v7e-m/fpv4-sp/hard\libc_nano.a(lib_a-fprintf.o)
                              c:/program files/stmicroelectronics/stm32cube/stm32cubeide_1.2.0/stm32cubeide/plugins/com.st.stm32cube.ide.mcu.externaltools.gnu-tools-for-stm32.7-2018-q2-update.win32_1.0.0.201904181610/tools/bin/../lib/gcc/arm-none-eabi/7.3.1/../../../../arm-none-eabi/lib/thumb/v7e-m/fpv4-sp/hard\libc_nano.a(lib_a-assert.o) (fiprintf)
c:/program files/stmicroelectronics/stm32cube/stm32cubeide_1.2.0/stm32cubeide/plugins/com.st.stm32cube.ide.mcu.externaltools.gnu-tools-for-stm32.7-2018-q2-update.win32_1.0.0.201904181610/tools/bin/../lib/gcc/arm-none-eabi/7.3.1/../../../../arm-none-eabi/lib/thumb/v7e-m/fpv4-sp/hard\libc_nano.a(lib_a-impure.o)
                              c:/program files/stmicroelectronics/stm32cube/stm32cubeide_1.2.0/stm32cubeide/plugins/com.st.stm32cube.ide.mcu.externaltools.gnu-tools-for-stm32.7-2018-q2-update.win32_1.0.0.201904181610/tools/bin/../lib/gcc/arm-none-eabi/7.3.1/../../../../arm-none-eabi/lib/thumb/v7e-m/fpv4-sp/hard\libc_nano.a(lib_a-exit.o) (_global_impure_ptr)
c:/program files/stmicroelectronics/stm32cube/stm32cubeide_1.2.0/stm32cubeide/plugins/com.st.stm32cube.ide.mcu.externaltools.gnu-tools-for-stm32.7-2018-q2-update.win32_1.0.0.201904181610/tools/bin/../lib/gcc/arm-none-eabi/7.3.1/../../../../arm-none-eabi/lib/thumb/v7e-m/fpv4-sp/hard\libc_nano.a(lib_a-init.o)
                              c:/program files/stmicroelectronics/stm32cube/stm32cubeide_1.2.0/stm32cubeide/plugins/com.st.stm32cube.ide.mcu.externaltools.gnu-tools-for-stm32.7-2018-q2-update.win32_1.0.0.201904181610/tools/bin/../lib/gcc/arm-none-eabi/7.3.1/../../../../arm-none-eabi/lib/thumb/v7e-m/fpv4-sp/hard/crt0.o (__libc_init_array)
c:/program files/stmicroelectronics/stm32cube/stm32cubeide_1.2.0/stm32cubeide/plugins/com.st.stm32cube.ide.mcu.externaltools.gnu-tools-for-stm32.7-2018-q2-update.win32_1.0.0.201904181610/tools/bin/../lib/gcc/arm-none-eabi/7.3.1/../../../../arm-none-eabi/lib/thumb/v7e-m/fpv4-sp/hard\libc_nano.a(lib_a-malloc.o)
                              Middlewares/ST/STM32_USB_Device_Library/Class/AUDIO/Src/usbd_audio.o (malloc)
c:/program files/stmicroelectronics/stm32cube/stm32cubeide_1.2.0/stm32cubeide/plugins/com.st.stm32cube.ide.mcu.externaltools.gnu-tools-for-stm32.7-2018-q2-update.win32_1.0.0.201904181610/tools/bin/../lib/gcc/arm-none-eabi/7.3.1/../../../../arm-none-eabi/lib/thumb/v7e-m/fpv4-sp/hard\libc_nano.a(lib_a-memset.o)
                              c:/program files/stmicroelectronics/stm32cube/stm32cubeide_1.2.0/stm32cubeide/plugins/com.st.stm32cube.ide.mcu.externaltools.gnu-tools-for-stm32.7-2018-q2-update.win32_1.0.0.201904181610/tools/bin/../lib/gcc/arm-none-eabi/7.3.1/../../../../arm-none-eabi/lib/thumb/v7e-m/fpv4-sp/hard/crt0.o (memset)
c:/program files/stmicroelectronics/stm32cube/stm32cubeide_1.2.0/stm32cubeide/plugins/com.st.stm32cube.ide.mcu.externaltools.gnu-tools-for-stm32.7-2018-q2-update.win32_1.0.0.201904181610/tools/bin/../lib/gcc/arm-none-eabi/7.3.1/../../../../arm-none-eabi/lib/thumb/v7e-m/fpv4-sp/hard\libc_nano.a(lib_a-nano-freer.o)
[...]
Memory Configuration

Name             Origin             Length             Attributes
RAM              0x0000000020000000 0x0000000000018000 xrw
FLASH            0x0000000008000000 0x0000000000080000 xr
*default*        0x0000000000000000 0xffffffffffffffff

Linker script and memory map

LOAD c:/program files/stmicroelectronics/stm32cube/stm32cubeide_1.2.0/stm32cubeide/plugins/com.st.stm32cube.ide.mcu.externaltools.gnu-tools-for-stm32.7-2018-q2-update.win32_1.0.0.201904181610/tools/bin/../lib/gcc/arm-none-eabi/7.3.1/thumb/v7e-m/fpv4-sp/hard/crti.o
LOAD c:/program files/stmicroelectronics/stm32cube/stm32cubeide_1.2.0/stm32cubeide/plugins/com.st.stm32cube.ide.mcu.externaltools.gnu-tools-for-stm32.7-2018-q2-update.win32_1.0.0.201904181610/tools/bin/../lib/gcc/arm-none-eabi/7.3.1/thumb/v7e-m/fpv4-sp/hard/crtbegin.o
LOAD c:/program files/stmicroelectronics/stm32cube/stm32cubeide_1.2.0/stm32cubeide/plugins/com.st.stm32cube.ide.mcu.externaltools.gnu-tools-for-stm32.7-2018-q2-update.win32_1.0.0.201904181610/tools/bin/../lib/gcc/arm-none-eabi/7.3.1/../../../../arm-none-eabi/lib/thumb/v7e-m/fpv4-sp/hard/crt0.o
LOAD Core/Src/dma.o
LOAD Core/Src/gpio.o
LOAD Core/Src/gpio_custom.o
LOAD Core/Src/i2c.o
LOAD Core/Src/i2s.o
LOAD Core/Src/main.o
LOAD Core/Src/stm32f4xx_hal_msp.o
LOAD Core/Src/stm32f4xx_it.o
LOAD Core/Src/syscalls.o
LOAD Core/Src/sysmem.o
LOAD Core/Src/system_stm32f4xx.o
LOAD Core/Src/timer.o
LOAD Core/Startup/startup_stm32f401retx.o
LOAD Drivers/STM32F4xx_HAL_Driver/Src/stm32f4xx_hal.o
LOAD Drivers/STM32F4xx_HAL_Driver/Src/stm32f4xx_hal_cortex.o
LOAD Drivers/STM32F4xx_HAL_Driver/Src/stm32f4xx_hal_dma.o
LOAD Drivers/STM32F4xx_HAL_Driver/Src/stm32f4xx_hal_dma_ex.o
LOAD Drivers/STM32F4xx_HAL_Driver/Src/stm32f4xx_hal_exti.o
LOAD Drivers/STM32F4xx_HAL_Driver/Src/stm32f4xx_hal_flash.o
LOAD Drivers/STM32F4xx_HAL_Driver/Src/stm32f4xx_hal_flash_ex.o
LOAD Drivers/STM32F4xx_HAL_Driver/Src/stm32f4xx_hal_flash_ramfunc.o
LOAD Drivers/STM32F4xx_HAL_Driver/Src/stm32f4xx_hal_gpio.o
LOAD Drivers/STM32F4xx_HAL_Driver/Src/stm32f4xx_hal_i2c.o
LOAD Drivers/STM32F4xx_HAL_Driver/Src/stm32f4xx_hal_i2c_ex.o
LOAD Drivers/STM32F4xx_HAL_Driver/Src/stm32f4xx_hal_i2s.o
LOAD Drivers/STM32F4xx_HAL_Driver/Src/stm32f4xx_hal_i2s_ex.o
LOAD Drivers/STM32F4xx_HAL_Driver/Src/stm32f4xx_hal_pcd.o
LOAD Drivers/STM32F4xx_HAL_Driver/Src/stm32f4xx_hal_pcd_ex.o
LOAD Drivers/STM32F4xx_HAL_Driver/Src/stm32f4xx_hal_pwr.o
LOAD Drivers/STM32F4xx_HAL_Driver/Src/stm32f4xx_hal_pwr_ex.o
LOAD Drivers/STM32F4xx_HAL_Driver/Src/stm32f4xx_hal_rcc.o
LOAD Drivers/STM32F4xx_HAL_Driver/Src/stm32f4xx_hal_rcc_ex.o
LOAD Drivers/STM32F4xx_HAL_Driver/Src/stm32f4xx_hal_tim.o
LOAD Drivers/STM32F4xx_HAL_Driver/Src/stm32f4xx_hal_tim_ex.o
LOAD Drivers/STM32F4xx_HAL_Driver/Src/stm32f4xx_ll_usb.o
LOAD Middlewares/ST/STM32_USB_Device_Library/Class/AUDIO/Src/usbd_audio.o
LOAD Middlewares/ST/STM32_USB_Device_Library/Core/Src/usbd_core.o
LOAD Middlewares/ST/STM32_USB_Device_Library/Core/Src/usbd_ctlreq.o
LOAD Middlewares/ST/STM32_USB_Device_Library/Core/Src/usbd_ioreq.o
LOAD USB_DEVICE/App/usb_device.o
LOAD USB_DEVICE/App/usbd_audio_if.o
LOAD USB_DEVICE/App/usbd_desc.o
LOAD USB_DEVICE/Target/usbd_conf.o
START GROUP
LOAD c:/program files/stmicroelectronics/stm32cube/stm32cubeide_1.2.0/stm32cubeide/plugins/com.st.stm32cube.ide.mcu.externaltools.gnu-tools-for-stm32.7-2018-q2-update.win32_1.0.0.201904181610/tools/bin/../lib/gcc/arm-none-eabi/7.3.1/../../../../arm-none-eabi/lib/thumb/v7e-m/fpv4-sp/hard\libc_nano.a
LOAD c:/program files/stmicroelectronics/stm32cube/stm32cubeide_1.2.0/stm32cubeide/plugins/com.st.stm32cube.ide.mcu.externaltools.gnu-tools-for-stm32.7-2018-q2-update.win32_1.0.0.201904181610/tools/bin/../lib/gcc/arm-none-eabi/7.3.1/../../../../arm-none-eabi/lib/thumb/v7e-m/fpv4-sp/hard\libm.a
END GROUP
START GROUP
LOAD c:/program files/stmicroelectronics/stm32cube/stm32cubeide_1.2.0/stm32cubeide/plugins/com.st.stm32cube.ide.mcu.externaltools.gnu-tools-for-stm32.7-2018-q2-update.win32_1.0.0.201904181610/tools/bin/../lib/gcc/arm-none-eabi/7.3.1/thumb/v7e-m/fpv4-sp/hard\libgcc.a
LOAD c:/program files/stmicroelectronics/stm32cube/stm32cubeide_1.2.0/stm32cubeide/plugins/com.st.stm32cube.ide.mcu.externaltools.gnu-tools-for-stm32.7-2018-q2-update.win32_1.0.0.201904181610/tools/bin/../lib/gcc/arm-none-eabi/7.3.1/../../../../arm-none-eabi/lib/thumb/v7e-m/fpv4-sp/hard\libc_nano.a
END GROUP
START GROUP
LOAD c:/program files/stmicroelectronics/stm32cube/stm32cubeide_1.2.0/stm32cubeide/plugins/com.st.stm32cube.ide.mcu.externaltools.gnu-tools-for-stm32.7-2018-q2-update.win32_1.0.0.201904181610/tools/bin/../lib/gcc/arm-none-eabi/7.3.1/thumb/v7e-m/fpv4-sp/hard\libgcc.a
LOAD c:/program files/stmicroelectronics/stm32cube/stm32cubeide_1.2.0/stm32cubeide/plugins/com.st.stm32cube.ide.mcu.externaltools.gnu-tools-for-stm32.7-2018-q2-update.win32_1.0.0.201904181610/tools/bin/../lib/gcc/arm-none-eabi/7.3.1/../../../../arm-none-eabi/lib/thumb/v7e-m/fpv4-sp/hard\libc_nano.a
LOAD c:/program files/stmicroelectronics/stm32cube/stm32cubeide_1.2.0/stm32cubeide/plugins/com.st.stm32cube.ide.mcu.externaltools.gnu-tools-for-stm32.7-2018-q2-update.win32_1.0.0.201904181610/tools/bin/../lib/gcc/arm-none-eabi/7.3.1/../../../../arm-none-eabi/lib/thumb/v7e-m/fpv4-sp/hard\libnosys.a
END GROUP
START GROUP
LOAD c:/program files/stmicroelectronics/stm32cube/stm32cubeide_1.2.0/stm32cubeide/plugins/com.st.stm32cube.ide.mcu.externaltools.gnu-tools-for-stm32.7-2018-q2-update.win32_1.0.0.201904181610/tools/bin/../lib/gcc/arm-none-eabi/7.3.1/thumb/v7e-m/fpv4-sp/hard\libgcc.a
LOAD c:/program files/stmicroelectronics/stm32cube/stm32cubeide_1.2.0/stm32cubeide/plugins/com.st.stm32cube.ide.mcu.externaltools.gnu-tools-for-stm32.7-2018-q2-update.win32_1.0.0.201904181610/tools/bin/../lib/gcc/arm-none-eabi/7.3.1/../../../../arm-none-eabi/lib/thumb/v7e-m/fpv4-sp/hard\libc_nano.a
LOAD c:/program files/stmicroelectronics/stm32cube/stm32cubeide_1.2.0/stm32cubeide/plugins/com.st.stm32cube.ide.mcu.externaltools.gnu-tools-for-stm32.7-2018-q2-update.win32_1.0.0.201904181610/tools/bin/../lib/gcc/arm-none-eabi/7.3.1/../../../../arm-none-eabi/lib/thumb/v7e-m/fpv4-sp/hard\libnosys.a
END GROUP
LOAD c:/program files/stmicroelectronics/stm32cube/stm32cubeide_1.2.0/stm32cubeide/plugins/com.st.stm32cube.ide.mcu.externaltools.gnu-tools-for-stm32.7-2018-q2-update.win32_1.0.0.201904181610/tools/bin/../lib/gcc/arm-none-eabi/7.3.1/thumb/v7e-m/fpv4-sp/hard/crtend.o
LOAD c:/program files/stmicroelectronics/stm32cube/stm32cubeide_1.2.0/stm32cubeide/plugins/com.st.stm32cube.ide.mcu.externaltools.gnu-tools-for-stm32.7-2018-q2-update.win32_1.0.0.201904181610/tools/bin/../lib/gcc/arm-none-eabi/7.3.1/thumb/v7e-m/fpv4-sp/hard/crtn.o
                0x0000000020018000                _estack = (ORIGIN (RAM) + LENGTH (RAM))
                0x0000000000004000                _Min_Heap_Size = 0x4000
                0x0000000000001000                _Min_Stack_Size = 0x1000

.isr_vector     0x0000000008000000      0x194
                0x0000000008000000                . = ALIGN (0x4)
 *(.isr_vector)
 .isr_vector    0x0000000008000000      0x194 Core/Startup/startup_stm32f401retx.o
                0x0000000008000000                g_pfnVectors
                0x0000000008000194                . = ALIGN (0x4)

.text           0x0000000008000194     0x8b08
                0x0000000008000194                . = ALIGN (0x4)
 *(.text)
 .text          0x0000000008000194       0x40 c:/program files/stmicroelectronics/stm32cube/stm32cubeide_1.2.0/stm32cubeide/plugins/com.st.stm32cube.ide.mcu.externaltools.gnu-tools-for-stm32.7-2018-q2-update.win32_1.0.0.201904181610/tools/bin/../lib/gcc/arm-none-eabi/7.3.1/thumb/v7e-m/fpv4-sp/hard/crtbegin.o
 .text          0x00000000080001d4       0x30 c:/program files/stmicroelectronics/stm32cube/stm32cubeide_1.2.0/stm32cubeide/plugins/com.st.stm32cube.ide.mcu.externaltools.gnu-tools-for-stm32.7-2018-q2-update.win32_1.0.0.201904181610/tools/bin/../lib/gcc/arm-none-eabi/7.3.1/thumb/v7e-m/fpv4-sp/hard\libgcc.a(_aeabi_uldivmod.o)
                0x00000000080001d4                __aeabi_uldivmod
 .text          0x0000000008000204      0x2cc c:/program files/stmicroelectronics/stm32cube/stm32cubeide_1.2.0/stm32cubeide/plugins/com.st.stm32cube.ide.mcu.externaltools.gnu-tools-for-stm32.7-2018-q2-update.win32_1.0.0.201904181610/tools/bin/../lib/gcc/arm-none-eabi/7.3.1/thumb/v7e-m/fpv4-sp/hard\libgcc.a(_udivmoddi4.o)
                0x0000000008000204                __udivmoddi4
 .text          0x00000000080004d0        0x4 c:/program files/stmicroelectronics/stm32cube/stm32cubeide_1.2.0/stm32cubeide/plugins/com.st.stm32cube.ide.mcu.externaltools.gnu-tools-for-stm32.7-2018-q2-update.win32_1.0.0.201904181610/tools/bin/../lib/gcc/arm-none-eabi/7.3.1/thumb/v7e-m/fpv4-sp/hard\libgcc.a(_dvmd_tls.o)
                0x00000000080004d0                __aeabi_idiv0
                0x00000000080004d0                __aeabi_ldiv0
 *(.text*)
 .text.MX_DMA_Init
                0x00000000080004d4       0x40 Core/Src/dma.o
                0x00000000080004d4                MX_DMA_Init
 .text.MX_GPIO_Init
                0x0000000008000514      0x120 Core/Src/gpio.o
                0x0000000008000514                MX_GPIO_Init
 .text.MX_I2C1_Init
                0x0000000008000634       0x5c Core/Src/i2c.o
                0x0000000008000634                MX_I2C1_Init
 .text.HAL_I2C_MspInit
                0x0000000008000690       0x90 Core/Src/i2c.o
                0x0000000008000690                HAL_I2C_MspInit
 .text.MX_I2S2_Init
                0x0000000008000720       0x5c Core/Src/i2s.o
                0x0000000008000720                MX_I2S2_Init
 .text.HAL_I2S_MspInit
                0x000000000800077c      0x150 Core/Src/i2s.o
                0x000000000800077c                HAL_I2S_MspInit
 .text.main     0x00000000080008cc       0x40 Core/Src/main.o
                0x00000000080008cc                main
 .text.SystemClock_Config
                0x000000000800090c      0x10c Core/Src/main.o
                0x000000000800090c                SystemClock_Config
 .text.Error_Handler
                0x0000000008000a18        0xe Core/Src/main.o
                0x0000000008000a18                Error_Handler
 .text.assert_failed
                0x0000000008000a26       0x16 Core/Src/main.o
                0x0000000008000a26                assert_failed
 .text.HAL_MspInit
                0x0000000008000a3c       0x50 Core/Src/stm32f4xx_hal_msp.o
                0x0000000008000a3c                HAL_MspInit
 .text.NMI_Handler
                0x0000000008000a8c        0xc Core/Src/stm32f4xx_it.o
                0x0000000008000a8c                NMI_Handler
 .text.HardFault_Handler
                0x0000000008000a98        0x6 Core/Src/stm32f4xx_it.o
                0x0000000008000a98                HardFault_Handler
 .text.MemManage_Handler
                0x0000000008000a9e        0x6 Core/Src/stm32f4xx_it.o
                0x0000000008000a9e                MemManage_Handler
 .text.BusFault_Handler
                0x0000000008000aa4        0x6 Core/Src/stm32f4xx_it.o
                0x0000000008000aa4                BusFault_Handler
 .text.UsageFault_Handler
                0x0000000008000aaa        0x6 Core/Src/stm32f4xx_it.o
                0x0000000008000aaa                UsageFault_Handler
 .text.SVC_Handler
                0x0000000008000ab0        0xe Core/Src/stm32f4xx_it.o
                0x0000000008000ab0                SVC_Handler
 .text.DebugMon_Handler
                0x0000000008000abe        0xe Core/Src/stm32f4xx_it.o
                0x0000000008000abe                DebugMon_Handler
 .text.PendSV_Handler
                0x0000000008000acc        0xe Core/Src/stm32f4xx_it.o
                0x0000000008000acc                PendSV_Handler
 .text.SysTick_Handler
                0x0000000008000ada        0xc Core/Src/stm32f4xx_it.o
                0x0000000008000ada                SysTick_Handler
 *fill*         0x0000000008000ae6        0x2 
 .text.DMA1_Stream4_IRQHandler
                0x0000000008000ae8       0x14 Core/Src/stm32f4xx_it.o
                0x0000000008000ae8                DMA1_Stream4_IRQHandler
 .text.OTG_FS_IRQHandler
                0x0000000008000afc       0x14 Core/Src/stm32f4xx_it.o
                0x0000000008000afc                OTG_FS_IRQHandler
 .text._sbrk    0x0000000008000b10       0x58 Core/Src/sysmem.o
                0x0000000008000b10                _sbrk
 .text.SystemInit
                0x0000000008000b68       0x2c Core/Src/system_stm32f4xx.o
                0x0000000008000b68                SystemInit
 .text.Reset_Handler
                0x0000000008000b94       0x50 Core/Startup/startup_stm32f401retx.o
                0x0000000008000b94                Reset_Handler
 .text.Default_Handler
                0x0000000008000be4        0x2 Core/Startup/startup_stm32f401retx.o
                0x0000000008000be4                RTC_Alarm_IRQHandler
                0x0000000008000be4                EXTI2_IRQHandler
                0x0000000008000be4                SPI4_IRQHandler
                0x0000000008000be4                TIM1_CC_IRQHandler
                0x0000000008000be4                DMA2_Stream5_IRQHandler
                0x0000000008000be4                DMA1_Stream5_IRQHandler
                0x0000000008000be4                PVD_IRQHandler
                0x0000000008000be4                SDIO_IRQHandler
                0x0000000008000be4                TAMP_STAMP_IRQHandler
                0x0000000008000be4                EXTI3_IRQHandler
                0x0000000008000be4                TIM1_UP_TIM10_IRQHandler
                0x0000000008000be4                I2C3_ER_IRQHandler
                0x0000000008000be4                EXTI0_IRQHandler
                0x0000000008000be4                I2C2_EV_IRQHandler
                0x0000000008000be4                DMA1_Stream2_IRQHandler
                0x0000000008000be4                FPU_IRQHandler
                0x0000000008000be4                DMA2_Stream2_IRQHandler
                0x0000000008000be4                SPI1_IRQHandler
                0x0000000008000be4                TIM1_BRK_TIM9_IRQHandler
                0x0000000008000be4                DMA2_Stream3_IRQHandler
                0x0000000008000be4                USART6_IRQHandler
                0x0000000008000be4                DMA2_Stream0_IRQHandler
                0x0000000008000be4                TIM4_IRQHandler
                0x0000000008000be4                I2C1_EV_IRQHandler
                0x0000000008000be4                DMA1_Stream6_IRQHandler
                0x0000000008000be4                DMA1_Stream1_IRQHandler
                0x0000000008000be4                TIM3_IRQHandler
                0x0000000008000be4                RCC_IRQHandler
                0x0000000008000be4                Default_Handler
                0x0000000008000be4                EXTI15_10_IRQHandler
                0x0000000008000be4                ADC_IRQHandler
                0x0000000008000be4                DMA1_Stream7_IRQHandler
                0x0000000008000be4                TIM5_IRQHandler
                0x0000000008000be4                DMA2_Stream7_IRQHandler
                0x0000000008000be4                I2C3_EV_IRQHandler
                0x0000000008000be4                EXTI9_5_IRQHandler
                0x0000000008000be4                RTC_WKUP_IRQHandler
                0x0000000008000be4                SPI2_IRQHandler
                0x0000000008000be4                DMA1_Stream0_IRQHandler
                0x0000000008000be4                EXTI4_IRQHandler
                0x0000000008000be4                WWDG_IRQHandler
                0x0000000008000be4                TIM2_IRQHandler
                0x0000000008000be4                OTG_FS_WKUP_IRQHandler
                0x0000000008000be4                TIM1_TRG_COM_TIM11_IRQHandler
                0x0000000008000be4                EXTI1_IRQHandler
                0x0000000008000be4                USART2_IRQHandler
                0x0000000008000be4                I2C2_ER_IRQHandler
                0x0000000008000be4                DMA2_Stream1_IRQHandler
                0x0000000008000be4                FLASH_IRQHandler
                0x0000000008000be4                DMA2_Stream4_IRQHandler
                0x0000000008000be4                USART1_IRQHandler
                0x0000000008000be4                SPI3_IRQHandler
                0x0000000008000be4                I2C1_ER_IRQHandler
                0x0000000008000be4                DMA2_Stream6_IRQHandler
                0x0000000008000be4                DMA1_Stream3_IRQHandler
 *fill*         0x0000000008000be6        0x2 
 .text.HAL_Init
                0x0000000008000be8       0x44 Drivers/STM32F4xx_HAL_Driver/Src/stm32f4xx_hal.o
                0x0000000008000be8                HAL_Init
 .text.HAL_InitTick
                0x0000000008000c2c       0x60 Drivers/STM32F4xx_HAL_Driver/Src/stm32f4xx_hal.o
                0x0000000008000c2c                HAL_InitTick
 .text.HAL_IncTick
                0x0000000008000c8c       0x28 Drivers/STM32F4xx_HAL_Driver/Src/stm32f4xx_hal.o
                0x0000000008000c8c                HAL_IncTick
 .text.HAL_GetTick
                0x0000000008000cb4       0x18 Drivers/STM32F4xx_HAL_Driver/Src/stm32f4xx_hal.o
                0x0000000008000cb4                HAL_GetTick
 .text.HAL_Delay
                0x0000000008000ccc       0x44 Drivers/STM32F4xx_HAL_Driver/Src/stm32f4xx_hal.o
                0x0000000008000ccc                HAL_Delay
 .text.__NVIC_SetPriorityGrouping
                0x0000000008000d10       0x48 Drivers/STM32F4xx_HAL_Driver/Src/stm32f4xx_hal_cortex.o
 .text.__NVIC_GetPriorityGrouping
                0x0000000008000d58       0x1c Drivers/STM32F4xx_HAL_Driver/Src/stm32f4xx_hal_cortex.o
 .text.__NVIC_EnableIRQ
                0x0000000008000d74       0x3c Drivers/STM32F4xx_HAL_Driver/Src/stm32f4xx_hal_cortex.o
 .text.__NVIC_SetPriority
                0x0000000008000db0       0x54 Drivers/STM32F4xx_HAL_Driver/Src/stm32f4xx_hal_cortex.o
 .text.NVIC_EncodePriority
                0x0000000008000e04       0x66 Drivers/STM32F4xx_HAL_Driver/Src/stm32f4xx_hal_cortex.o
 *fill*         0x0000000008000e6a        0x2 
 .text.SysTick_Config
                0x0000000008000e6c       0x44 Drivers/STM32F4xx_HAL_Driver/Src/stm32f4xx_hal_cortex.o
 .text.HAL_NVIC_SetPriorityGrouping
                0x0000000008000eb0       0x40 Drivers/STM32F4xx_HAL_Driver/Src/stm32f4xx_hal_cortex.o
                0x0000000008000eb0                HAL_NVIC_SetPriorityGrouping
 .text.HAL_NVIC_SetPriority
                0x0000000008000ef0       0x58 Drivers/STM32F4xx_HAL_Driver/Src/stm32f4xx_hal_cortex.o
                0x0000000008000ef0                HAL_NVIC_SetPriority
 .text.HAL_NVIC_EnableIRQ
                0x0000000008000f48       0x30 Drivers/STM32F4xx_HAL_Driver/Src/stm32f4xx_hal_cortex.o
                0x0000000008000f48                HAL_NVIC_EnableIRQ
 .text.HAL_SYSTICK_Config
                0x0000000008000f78       0x18 Drivers/STM32F4xx_HAL_Driver/Src/stm32f4xx_hal_cortex.o
                0x0000000008000f78                HAL_SYSTICK_Config
 .text.HAL_DMA_Init
                0x0000000008000f90      0x438 Drivers/STM32F4xx_HAL_Driver/Src/stm32f4xx_hal_dma.o
                0x0000000008000f90                HAL_DMA_Init
 .text.HAL_DMA_Start_IT
                0x00000000080013c8       0xcc Drivers/STM32F4xx_HAL_Driver/Src/stm32f4xx_hal_dma.o
                0x00000000080013c8                HAL_DMA_Start_IT
 .text.HAL_DMA_Abort
                0x0000000008001494       0xe0 Drivers/STM32F4xx_HAL_Driver/Src/stm32f4xx_hal_dma.o
                0x0000000008001494                HAL_DMA_Abort
 .text.HAL_DMA_IRQHandler
                0x0000000008001574      0x314 Drivers/STM32F4xx_HAL_Driver/Src/stm32f4xx_hal_dma.o
                0x0000000008001574                HAL_DMA_IRQHandler
 .text.DMA_SetConfig
                0x0000000008001888       0x5c Drivers/STM32F4xx_HAL_Driver/Src/stm32f4xx_hal_dma.o
 .text.DMA_CalcBaseAndBitshift
                0x00000000080018e4       0x6c Drivers/STM32F4xx_HAL_Driver/Src/stm32f4xx_hal_dma.o
 .text.DMA_CheckFifoParam
                0x0000000008001950       0xf4 Drivers/STM32F4xx_HAL_Driver/Src/stm32f4xx_hal_dma.o
 .text.HAL_GPIO_Init
                0x0000000008001a44      0x524 Drivers/STM32F4xx_HAL_Driver/Src/stm32f4xx_hal_gpio.o
                0x0000000008001a44                HAL_GPIO_Init
 .text.HAL_GPIO_WritePin
                0x0000000008001f68       0x64 Drivers/STM32F4xx_HAL_Driver/Src/stm32f4xx_hal_gpio.o
                0x0000000008001f68                HAL_GPIO_WritePin
 .text.HAL_I2C_Init
                0x0000000008001fcc      0x380 Drivers/STM32F4xx_HAL_Driver/Src/stm32f4xx_hal_i2c.o
                0x0000000008001fcc                HAL_I2C_Init
 .text.HAL_I2S_Init
                0x000000000800234c      0x3d0 Drivers/STM32F4xx_HAL_Driver/Src/stm32f4xx_hal_i2s.o
                0x000000000800234c                HAL_I2S_Init
 .text.HAL_I2S_Transmit_DMA
                0x000000000800271c      0x150 Drivers/STM32F4xx_HAL_Driver/Src/stm32f4xx_hal_i2s.o
                0x000000000800271c                HAL_I2S_Transmit_DMA
 .text.HAL_I2S_DMAStop
                0x000000000800286c      0x138 Drivers/STM32F4xx_HAL_Driver/Src/stm32f4xx_hal_i2s.o
                0x000000000800286c                HAL_I2S_DMAStop
 .text.HAL_I2S_TxHalfCpltCallback
                0x00000000080029a4       0x14 Drivers/STM32F4xx_HAL_Driver/Src/stm32f4xx_hal_i2s.o
                0x00000000080029a4                HAL_I2S_TxHalfCpltCallback
 .text.HAL_I2S_TxCpltCallback
                0x00000000080029b8       0x14 Drivers/STM32F4xx_HAL_Driver/Src/stm32f4xx_hal_i2s.o
                0x00000000080029b8                HAL_I2S_TxCpltCallback
 .text.HAL_I2S_RxCpltCallback
                0x00000000080029cc       0x14 Drivers/STM32F4xx_HAL_Driver/Src/stm32f4xx_hal_i2s.o
                0x00000000080029cc                HAL_I2S_RxCpltCallback
 .text.HAL_I2S_ErrorCallback
                0x00000000080029e0       0x14 Drivers/STM32F4xx_HAL_Driver/Src/stm32f4xx_hal_i2s.o
                0x00000000080029e0                HAL_I2S_ErrorCallback
 .text.I2S_DMATxCplt
                0x00000000080029f4       0x42 Drivers/STM32F4xx_HAL_Driver/Src/stm32f4xx_hal_i2s.o
 .text.I2S_DMATxHalfCplt
                0x0000000008002a36       0x1c Drivers/STM32F4xx_HAL_Driver/Src/stm32f4xx_hal_i2s.o
 .text.I2S_DMAError
                0x0000000008002a52       0x4c Drivers/STM32F4xx_HAL_Driver/Src/stm32f4xx_hal_i2s.o
 .text.I2S_Transmit_IT
                0x0000000008002a9e       0x5c Drivers/STM32F4xx_HAL_Driver/Src/stm32f4xx_hal_i2s.o
 .text.I2S_Receive_IT
                0x0000000008002afa       0x5e Drivers/STM32F4xx_HAL_Driver/Src/stm32f4xx_hal_i2s.o
 .text.I2S_IRQHandler
                0x0000000008002b58      0x114 Drivers/STM32F4xx_HAL_Driver/Src/stm32f4xx_hal_i2s.o
 .text.HAL_I2SEx_FullDuplex_IRQHandler
                0x0000000008002c6c      0x2a8 Drivers/STM32F4xx_HAL_Driver/Src/stm32f4xx_hal_i2s_ex.o
                0x0000000008002c6c                HAL_I2SEx_FullDuplex_IRQHandler
 .text.HAL_I2SEx_TxRxCpltCallback
                0x0000000008002f14       0x14 Drivers/STM32F4xx_HAL_Driver/Src/stm32f4xx_hal_i2s_ex.o
                0x0000000008002f14                HAL_I2SEx_TxRxCpltCallback
 .text.I2SEx_TxISR_I2S
                0x0000000008002f28       0x62 Drivers/STM32F4xx_HAL_Driver/Src/stm32f4xx_hal_i2s_ex.o
 *fill*         0x0000000008002f8a        0x2 
 .text.I2SEx_TxISR_I2SExt
                0x0000000008002f8c       0x98 Drivers/STM32F4xx_HAL_Driver/Src/stm32f4xx_hal_i2s_ex.o
 .text.I2SEx_RxISR_I2S
                0x0000000008003024       0x64 Drivers/STM32F4xx_HAL_Driver/Src/stm32f4xx_hal_i2s_ex.o
 .text.I2SEx_RxISR_I2SExt
                0x0000000008003088       0x98 Drivers/STM32F4xx_HAL_Driver/Src/stm32f4xx_hal_i2s_ex.o
 .text.HAL_PCD_Init
                0x0000000008003120      0x250 Drivers/STM32F4xx_HAL_Driver/Src/stm32f4xx_hal_pcd.o
                0x0000000008003120                HAL_PCD_Init
 .text.HAL_PCD_Start
                0x0000000008003370       0x66 Drivers/STM32F4xx_HAL_Driver/Src/stm32f4xx_hal_pcd.o
                0x0000000008003370                HAL_PCD_Start
 .text.HAL_PCD_IRQHandler
                0x00000000080033d6      0x746 Drivers/STM32F4xx_HAL_Driver/Src/stm32f4xx_hal_pcd.o
                0x00000000080033d6                HAL_PCD_IRQHandler
 .text.HAL_PCD_SetAddress
                0x0000000008003b1c       0x4a Drivers/STM32F4xx_HAL_Driver/Src/stm32f4xx_hal_pcd.o
                0x0000000008003b1c                HAL_PCD_SetAddress
 .text.HAL_PCD_EP_Open
                0x0000000008003b66       0xd0 Drivers/STM32F4xx_HAL_Driver/Src/stm32f4xx_hal_pcd.o
                0x0000000008003b66                HAL_PCD_EP_Open
 .text.HAL_PCD_EP_Close
                0x0000000008003c36       0x94 Drivers/STM32F4xx_HAL_Driver/Src/stm32f4xx_hal_pcd.o
                0x0000000008003c36                HAL_PCD_EP_Close
 .text.HAL_PCD_EP_Receive
                0x0000000008003cca       0x96 Drivers/STM32F4xx_HAL_Driver/Src/stm32f4xx_hal_pcd.o
                0x0000000008003cca                HAL_PCD_EP_Receive
 .text.HAL_PCD_EP_Transmit
                0x0000000008003d60       0x94 Drivers/STM32F4xx_HAL_Driver/Src/stm32f4xx_hal_pcd.o
                0x0000000008003d60                HAL_PCD_EP_Transmit
 .text.HAL_PCD_EP_SetStall
                0x0000000008003df4       0xc8 Drivers/STM32F4xx_HAL_Driver/Src/stm32f4xx_hal_pcd.o
                0x0000000008003df4                HAL_PCD_EP_SetStall
 .text.HAL_PCD_EP_ClrStall
                0x0000000008003ebc       0xac Drivers/STM32F4xx_HAL_Driver/Src/stm32f4xx_hal_pcd.o
                0x0000000008003ebc                HAL_PCD_EP_ClrStall
 .text.PCD_WriteEmptyTxFifo
                0x0000000008003f68      0x11a Drivers/STM32F4xx_HAL_Driver/Src/stm32f4xx_hal_pcd.o
 *fill*         0x0000000008004082        0x2 
 .text.PCD_EP_OutXfrComplete_int
                0x0000000008004084      0x210 Drivers/STM32F4xx_HAL_Driver/Src/stm32f4xx_hal_pcd.o
 .text.PCD_EP_OutSetupPacket_int
                0x0000000008004294       0xc0 Drivers/STM32F4xx_HAL_Driver/Src/stm32f4xx_hal_pcd.o
 .text.HAL_PCDEx_SetTxFiFo
                0x0000000008004354       0x8e Drivers/STM32F4xx_HAL_Driver/Src/stm32f4xx_hal_pcd_ex.o
                0x0000000008004354                HAL_PCDEx_SetTxFiFo
 .text.HAL_PCDEx_SetRxFiFo
                0x00000000080043e2       0x22 Drivers/STM32F4xx_HAL_Driver/Src/stm32f4xx_hal_pcd_ex.o
                0x00000000080043e2                HAL_PCDEx_SetRxFiFo
 .text.HAL_PCDEx_LPM_Callback
                0x0000000008004404       0x18 Drivers/STM32F4xx_HAL_Driver/Src/stm32f4xx_hal_pcd_ex.o
                0x0000000008004404                HAL_PCDEx_LPM_Callback
 .text.HAL_RCC_OscConfig
                0x000000000800441c      0x640 Drivers/STM32F4xx_HAL_Driver/Src/stm32f4xx_hal_rcc.o
                0x000000000800441c                HAL_RCC_OscConfig
 .text.HAL_RCC_ClockConfig
                0x0000000008004a5c      0x31c Drivers/STM32F4xx_HAL_Driver/Src/stm32f4xx_hal_rcc.o
                0x0000000008004a5c                HAL_RCC_ClockConfig
 .text.HAL_RCC_EnableCSS
                0x0000000008004d78       0x18 Drivers/STM32F4xx_HAL_Driver/Src/stm32f4xx_hal_rcc.o
                0x0000000008004d78                HAL_RCC_EnableCSS
 .text.HAL_RCC_GetSysClockFreq
                0x0000000008004d90      0x164 Drivers/STM32F4xx_HAL_Driver/Src/stm32f4xx_hal_rcc.o
                0x0000000008004d90                HAL_RCC_GetSysClockFreq
 .text.HAL_RCC_GetHCLKFreq
                0x0000000008004ef4       0x18 Drivers/STM32F4xx_HAL_Driver/Src/stm32f4xx_hal_rcc.o
                0x0000000008004ef4                HAL_RCC_GetHCLKFreq
 .text.HAL_RCC_GetPCLK1Freq
                0x0000000008004f0c       0x28 Drivers/STM32F4xx_HAL_Driver/Src/stm32f4xx_hal_rcc.o
                0x0000000008004f0c                HAL_RCC_GetPCLK1Freq
 .text.HAL_RCC_NMI_IRQHandler
                0x0000000008004f34       0x28 Drivers/STM32F4xx_HAL_Driver/Src/stm32f4xx_hal_rcc.o
                0x0000000008004f34                HAL_RCC_NMI_IRQHandler
 .text.HAL_RCC_CSSCallback
                0x0000000008004f5c        0xe Drivers/STM32F4xx_HAL_Driver/Src/stm32f4xx_hal_rcc.o
                0x0000000008004f5c                HAL_RCC_CSSCallback
 *fill*         0x0000000008004f6a        0x2 
 .text.HAL_RCCEx_PeriphCLKConfig
                0x0000000008004f6c      0x408 Drivers/STM32F4xx_HAL_Driver/Src/stm32f4xx_hal_rcc_ex.o
                0x0000000008004f6c                HAL_RCCEx_PeriphCLKConfig
 .text.HAL_RCCEx_GetPeriphCLKFreq
                0x0000000008005374       0xb8 Drivers/STM32F4xx_HAL_Driver/Src/stm32f4xx_hal_rcc_ex.o
                0x0000000008005374                HAL_RCCEx_GetPeriphCLKFreq
 .text.USB_CoreInit
                0x000000000800542c       0xc2 Drivers/STM32F4xx_HAL_Driver/Src/stm32f4xx_ll_usb.o
                0x000000000800542c                USB_CoreInit
 *fill*         0x00000000080054ee        0x2 
 .text.USB_SetTurnaroundTime
                0x00000000080054f0      0x144 Drivers/STM32F4xx_HAL_Driver/Src/stm32f4xx_ll_usb.o
                0x00000000080054f0                USB_SetTurnaroundTime
 .text.USB_EnableGlobalInt
                0x0000000008005634       0x22 Drivers/STM32F4xx_HAL_Driver/Src/stm32f4xx_ll_usb.o
                0x0000000008005634                USB_EnableGlobalInt
 .text.USB_DisableGlobalInt
                0x0000000008005656       0x22 Drivers/STM32F4xx_HAL_Driver/Src/stm32f4xx_ll_usb.o
                0x0000000008005656                USB_DisableGlobalInt
 .text.USB_SetCurrentMode
                0x0000000008005678       0x54 Drivers/STM32F4xx_HAL_Driver/Src/stm32f4xx_ll_usb.o
                0x0000000008005678                USB_SetCurrentMode
 .text.USB_DevInit
                0x00000000080056cc      0x2e4 Drivers/STM32F4xx_HAL_Driver/Src/stm32f4xx_ll_usb.o
                0x00000000080056cc                USB_DevInit
 .text.USB_FlushTxFifo
                0x00000000080059b0       0x4c Drivers/STM32F4xx_HAL_Driver/Src/stm32f4xx_ll_usb.o
                0x00000000080059b0                USB_FlushTxFifo
 .text.USB_FlushRxFifo
                0x00000000080059fc       0x44 Drivers/STM32F4xx_HAL_Driver/Src/stm32f4xx_ll_usb.o
                0x00000000080059fc                USB_FlushRxFifo
 .text.USB_SetDevSpeed
                0x0000000008005a40       0x32 Drivers/STM32F4xx_HAL_Driver/Src/stm32f4xx_ll_usb.o
                0x0000000008005a40                USB_SetDevSpeed
 .text.USB_GetDevSpeed
                0x0000000008005a72       0x4a Drivers/STM32F4xx_HAL_Driver/Src/stm32f4xx_ll_usb.o
                0x0000000008005a72                USB_GetDevSpeed
 .text.USB_ActivateEndpoint
                0x0000000008005abc      0x10e Drivers/STM32F4xx_HAL_Driver/Src/stm32f4xx_ll_usb.o
                0x0000000008005abc                USB_ActivateEndpoint
 *fill*         0x0000000008005bca        0x2 
 .text.USB_DeactivateEndpoint
                0x0000000008005bcc      0x108 Drivers/STM32F4xx_HAL_Driver/Src/stm32f4xx_ll_usb.o
                0x0000000008005bcc                USB_DeactivateEndpoint
 .text.USB_EPStartXfer
                0x0000000008005cd4      0x488 Drivers/STM32F4xx_HAL_Driver/Src/stm32f4xx_ll_usb.o
                0x0000000008005cd4                USB_EPStartXfer
 .text.USB_EP0StartXfer
                0x000000000800615c      0x2a6 Drivers/STM32F4xx_HAL_Driver/Src/stm32f4xx_ll_usb.o
                0x000000000800615c                USB_EP0StartXfer
 .text.USB_WritePacket
                0x0000000008006402       0x6a Drivers/STM32F4xx_HAL_Driver/Src/stm32f4xx_ll_usb.o
                0x0000000008006402                USB_WritePacket
 .text.USB_ReadPacket
                0x000000000800646c       0x52 Drivers/STM32F4xx_HAL_Driver/Src/stm32f4xx_ll_usb.o
                0x000000000800646c                USB_ReadPacket
 .text.USB_EPSetStall
                0x00000000080064be       0xdc Drivers/STM32F4xx_HAL_Driver/Src/stm32f4xx_ll_usb.o
                0x00000000080064be                USB_EPSetStall
 .text.USB_EPClearStall
                0x000000000800659a       0xcc Drivers/STM32F4xx_HAL_Driver/Src/stm32f4xx_ll_usb.o
                0x000000000800659a                USB_EPClearStall
 .text.USB_SetDevAddress
                0x0000000008006666       0x4c Drivers/STM32F4xx_HAL_Driver/Src/stm32f4xx_ll_usb.o
                0x0000000008006666                USB_SetDevAddress
 .text.USB_DevConnect
                0x00000000080066b2       0x30 Drivers/STM32F4xx_HAL_Driver/Src/stm32f4xx_ll_usb.o
                0x00000000080066b2                USB_DevConnect
 .text.USB_DevDisconnect
                0x00000000080066e2       0x30 Drivers/STM32F4xx_HAL_Driver/Src/stm32f4xx_ll_usb.o
                0x00000000080066e2                USB_DevDisconnect
 .text.USB_ReadInterrupts
                0x0000000008006712       0x26 Drivers/STM32F4xx_HAL_Driver/Src/stm32f4xx_ll_usb.o
                0x0000000008006712                USB_ReadInterrupts
 .text.USB_ReadDevAllOutEpInterrupt
                0x0000000008006738       0x34 Drivers/STM32F4xx_HAL_Driver/Src/stm32f4xx_ll_usb.o
                0x0000000008006738                USB_ReadDevAllOutEpInterrupt
 .text.USB_ReadDevAllInEpInterrupt
                0x000000000800676c       0x34 Drivers/STM32F4xx_HAL_Driver/Src/stm32f4xx_ll_usb.o
                0x000000000800676c                USB_ReadDevAllInEpInterrupt
 .text.USB_ReadDevOutEPInterrupt
                0x00000000080067a0       0x3c Drivers/STM32F4xx_HAL_Driver/Src/stm32f4xx_ll_usb.o
                0x00000000080067a0                USB_ReadDevOutEPInterrupt
 .text.USB_ReadDevInEPInterrupt
                0x00000000080067dc       0x5c Drivers/STM32F4xx_HAL_Driver/Src/stm32f4xx_ll_usb.o
                0x00000000080067dc                USB_ReadDevInEPInterrupt
 .text.USB_GetMode
                0x0000000008006838       0x1c Drivers/STM32F4xx_HAL_Driver/Src/stm32f4xx_ll_usb.o
                0x0000000008006838                USB_GetMode
 .text.USB_ActivateSetup
                0x0000000008006854       0x6a Drivers/STM32F4xx_HAL_Driver/Src/stm32f4xx_ll_usb.o
                0x0000000008006854                USB_ActivateSetup
 *fill*         0x00000000080068be        0x2 
 .text.USB_EP0_OutStart
                0x00000000080068c0       0xbc Drivers/STM32F4xx_HAL_Driver/Src/stm32f4xx_ll_usb.o
                0x00000000080068c0                USB_EP0_OutStart
 .text.USB_CoreReset
                0x000000000800697c       0x68 Drivers/STM32F4xx_HAL_Driver/Src/stm32f4xx_ll_usb.o
 .text.USBD_AUDIO_Init
                0x00000000080069e4       0xb2 Middlewares/ST/STM32_USB_Device_Library/Class/AUDIO/Src/usbd_audio.o
 .text.USBD_AUDIO_DeInit
                0x0000000008006a96       0x50 Middlewares/ST/STM32_USB_Device_Library/Class/AUDIO/Src/usbd_audio.o
 *fill*         0x0000000008006ae6        0x2 
 .text.USBD_AUDIO_Setup
                0x0000000008006ae8      0x180 Middlewares/ST/STM32_USB_Device_Library/Class/AUDIO/Src/usbd_audio.o
 .text.USBD_AUDIO_GetCfgDesc
                0x0000000008006c68       0x20 Middlewares/ST/STM32_USB_Device_Library/Class/AUDIO/Src/usbd_audio.o
 .text.USBD_AUDIO_DataIn
                0x0000000008006c88       0x1a Middlewares/ST/STM32_USB_Device_Library/Class/AUDIO/Src/usbd_audio.o
 .text.USBD_AUDIO_EP0_RxReady
                0x0000000008006ca2       0x64 Middlewares/ST/STM32_USB_Device_Library/Class/AUDIO/Src/usbd_audio.o
 .text.USBD_AUDIO_EP0_TxReady
                0x0000000008006d06       0x16 Middlewares/ST/STM32_USB_Device_Library/Class/AUDIO/Src/usbd_audio.o
 .text.USBD_AUDIO_SOF
                0x0000000008006d1c       0x16 Middlewares/ST/STM32_USB_Device_Library/Class/AUDIO/Src/usbd_audio.o
 .text.USBD_AUDIO_Sync
                0x0000000008006d32      0x14a Middlewares/ST/STM32_USB_Device_Library/Class/AUDIO/Src/usbd_audio.o
                0x0000000008006d32                USBD_AUDIO_Sync
 .text.USBD_AUDIO_IsoINIncomplete
                0x0000000008006e7c       0x1a Middlewares/ST/STM32_USB_Device_Library/Class/AUDIO/Src/usbd_audio.o
 .text.USBD_AUDIO_IsoOutIncomplete
                0x0000000008006e96       0x1a Middlewares/ST/STM32_USB_Device_Library/Class/AUDIO/Src/usbd_audio.o
 .text.USBD_AUDIO_DataOut
                0x0000000008006eb0       0xcc Middlewares/ST/STM32_USB_Device_Library/Class/AUDIO/Src/usbd_audio.o
 .text.AUDIO_REQ_GetCurrent
                0x0000000008006f7c       0x40 Middlewares/ST/STM32_USB_Device_Library/Class/AUDIO/Src/usbd_audio.o
 .text.AUDIO_REQ_SetCurrent
                0x0000000008006fbc       0x66 Middlewares/ST/STM32_USB_Device_Library/Class/AUDIO/Src/usbd_audio.o
 *fill*         0x0000000008007022        0x2 
 .text.USBD_AUDIO_GetDeviceQualifierDesc
                0x0000000008007024       0x20 Middlewares/ST/STM32_USB_Device_Library/Class/AUDIO/Src/usbd_audio.o
 .text.USBD_AUDIO_RegisterInterface
                0x0000000008007044       0x26 Middlewares/ST/STM32_USB_Device_Library/Class/AUDIO/Src/usbd_audio.o
                0x0000000008007044                USBD_AUDIO_RegisterInterface
 .text.USBD_Init
                0x000000000800706a       0x56 Middlewares/ST/STM32_USB_Device_Library/Core/Src/usbd_core.o
                0x000000000800706a                USBD_Init
 .text.USBD_RegisterClass
                0x00000000080070c0       0x34 Middlewares/ST/STM32_USB_Device_Library/Core/Src/usbd_core.o
                0x00000000080070c0                USBD_RegisterClass
 .text.USBD_Start
                0x00000000080070f4       0x18 Middlewares/ST/STM32_USB_Device_Library/Core/Src/usbd_core.o
                0x00000000080070f4                USBD_Start
 .text.USBD_RunTestMode
                0x000000000800710c       0x16 Middlewares/ST/STM32_USB_Device_Library/Core/Src/usbd_core.o
                0x000000000800710c                USBD_RunTestMode
 .text.USBD_SetClassConfig
                0x0000000008007122       0x3e Middlewares/ST/STM32_USB_Device_Library/Core/Src/usbd_core.o
                0x0000000008007122                USBD_SetClassConfig
 .text.USBD_ClrClassConfig
                0x0000000008007160       0x26 Middlewares/ST/STM32_USB_Device_Library/Core/Src/usbd_core.o
                0x0000000008007160                USBD_ClrClassConfig
 .text.USBD_LL_SetupStage
                0x0000000008007186       0x96 Middlewares/ST/STM32_USB_Device_Library/Core/Src/usbd_core.o
                0x0000000008007186                USBD_LL_SetupStage
 .text.USBD_LL_DataOutStage
                0x000000000800721c       0xe2 Middlewares/ST/STM32_USB_Device_Library/Core/Src/usbd_core.o
                0x000000000800721c                USBD_LL_DataOutStage
 .text.USBD_LL_DataInStage
                0x00000000080072fe      0x14a Middlewares/ST/STM32_USB_Device_Library/Core/Src/usbd_core.o
                0x00000000080072fe                USBD_LL_DataInStage
 .text.USBD_LL_Reset
                0x0000000008007448       0x82 Middlewares/ST/STM32_USB_Device_Library/Core/Src/usbd_core.o
                0x0000000008007448                USBD_LL_Reset
 .text.USBD_LL_SetSpeed
                0x00000000080074ca       0x20 Middlewares/ST/STM32_USB_Device_Library/Core/Src/usbd_core.o
                0x00000000080074ca                USBD_LL_SetSpeed
 .text.USBD_LL_Suspend
                0x00000000080074ea       0x2a Middlewares/ST/STM32_USB_Device_Library/Core/Src/usbd_core.o
                0x00000000080074ea                USBD_LL_Suspend
 .text.USBD_LL_Resume
                0x0000000008007514       0x22 Middlewares/ST/STM32_USB_Device_Library/Core/Src/usbd_core.o
                0x0000000008007514                USBD_LL_Resume
 .text.USBD_LL_SOF
                0x0000000008007536       0x34 Middlewares/ST/STM32_USB_Device_Library/Core/Src/usbd_core.o
                0x0000000008007536                USBD_LL_SOF
 .text.USBD_LL_IsoINIncomplete
                0x000000000800756a       0x1a Middlewares/ST/STM32_USB_Device_Library/Core/Src/usbd_core.o
                0x000000000800756a                USBD_LL_IsoINIncomplete
 .text.USBD_LL_IsoOUTIncomplete
                0x0000000008007584       0x1a Middlewares/ST/STM32_USB_Device_Library/Core/Src/usbd_core.o
                0x0000000008007584                USBD_LL_IsoOUTIncomplete
 .text.USBD_LL_DevConnected
                0x000000000800759e       0x16 Middlewares/ST/STM32_USB_Device_Library/Core/Src/usbd_core.o
                0x000000000800759e                USBD_LL_DevConnected
 .text.USBD_LL_DevDisconnected
                0x00000000080075b4       0x2e Middlewares/ST/STM32_USB_Device_Library/Core/Src/usbd_core.o
                0x00000000080075b4                USBD_LL_DevDisconnected
 *fill*         0x00000000080075e2        0x2 
 .text.USBD_StdDevReq
                0x00000000080075e4       0xd4 Middlewares/ST/STM32_USB_Device_Library/Core/Src/usbd_ctlreq.o
                0x00000000080075e4                USBD_StdDevReq
 .text.USBD_StdItfReq
                0x00000000080076b8       0x8c Middlewares/ST/STM32_USB_Device_Library/Core/Src/usbd_ctlreq.o
                0x00000000080076b8                USBD_StdItfReq
 .text.USBD_StdEPReq
                0x0000000008007744      0x2b6 Middlewares/ST/STM32_USB_Device_Library/Core/Src/usbd_ctlreq.o
                0x0000000008007744                USBD_StdEPReq
 *fill*         0x00000000080079fa        0x2 
 .text.USBD_GetDescriptor
                0x00000000080079fc      0x1f4 Middlewares/ST/STM32_USB_Device_Library/Core/Src/usbd_ctlreq.o
 .text.USBD_SetAddress
                0x0000000008007bf0       0x84 Middlewares/ST/STM32_USB_Device_Library/Core/Src/usbd_ctlreq.o
 .text.USBD_SetConfig
                0x0000000008007c74      0x11c Middlewares/ST/STM32_USB_Device_Library/Core/Src/usbd_ctlreq.o
 .text.USBD_GetConfig
                0x0000000008007d90       0x68 Middlewares/ST/STM32_USB_Device_Library/Core/Src/usbd_ctlreq.o
 .text.USBD_GetStatus
                0x0000000008007df8       0x66 Middlewares/ST/STM32_USB_Device_Library/Core/Src/usbd_ctlreq.o
 .text.USBD_SetFeature
                0x0000000008007e5e       0x28 Middlewares/ST/STM32_USB_Device_Library/Core/Src/usbd_ctlreq.o
 .text.USBD_ClrFeature
                0x0000000008007e86       0x42 Middlewares/ST/STM32_USB_Device_Library/Core/Src/usbd_ctlreq.o
 .text.USBD_ParseSetupRequest
                0x0000000008007ec8       0x7a Middlewares/ST/STM32_USB_Device_Library/Core/Src/usbd_ctlreq.o
                0x0000000008007ec8                USBD_ParseSetupRequest
 .text.USBD_CtlError
                0x0000000008007f42       0x22 Middlewares/ST/STM32_USB_Device_Library/Core/Src/usbd_ctlreq.o
                0x0000000008007f42                USBD_CtlError
 .text.USBD_GetString
                0x0000000008007f64       0x84 Middlewares/ST/STM32_USB_Device_Library/Core/Src/usbd_ctlreq.o
                0x0000000008007f64                USBD_GetString
 .text.USBD_GetLen
                0x0000000008007fe8       0x30 Middlewares/ST/STM32_USB_Device_Library/Core/Src/usbd_ctlreq.o
 .text.USBD_CtlSendData
                0x0000000008008018       0x38 Middlewares/ST/STM32_USB_Device_Library/Core/Src/usbd_ioreq.o
                0x0000000008008018                USBD_CtlSendData
 .text.USBD_CtlContinueSendData
                0x0000000008008050       0x24 Middlewares/ST/STM32_USB_Device_Library/Core/Src/usbd_ioreq.o
                0x0000000008008050                USBD_CtlContinueSendData
 .text.USBD_CtlPrepareRx
                0x0000000008008074       0x3c Middlewares/ST/STM32_USB_Device_Library/Core/Src/usbd_ioreq.o
                0x0000000008008074                USBD_CtlPrepareRx
 .text.USBD_CtlContinueRx
                0x00000000080080b0       0x24 Middlewares/ST/STM32_USB_Device_Library/Core/Src/usbd_ioreq.o
                0x00000000080080b0                USBD_CtlContinueRx
 .text.USBD_CtlSendStatus
                0x00000000080080d4       0x26 Middlewares/ST/STM32_USB_Device_Library/Core/Src/usbd_ioreq.o
                0x00000000080080d4                USBD_CtlSendStatus
 .text.USBD_CtlReceiveStatus
                0x00000000080080fa       0x26 Middlewares/ST/STM32_USB_Device_Library/Core/Src/usbd_ioreq.o
                0x00000000080080fa                USBD_CtlReceiveStatus
 .text.MX_USB_DEVICE_Init
                0x0000000008008120       0x60 USB_DEVICE/App/usb_device.o
                0x0000000008008120                MX_USB_DEVICE_Init
 .text.AUDIO_Init_FS
                0x0000000008008180       0x1a USB_DEVICE/App/usbd_audio_if.o
 *fill*         0x000000000800819a        0x2 
 .text.AUDIO_DeInit_FS
                0x000000000800819c       0x1c USB_DEVICE/App/usbd_audio_if.o
 .text.AUDIO_AudioCmd_FS
                0x00000000080081b8       0x5c USB_DEVICE/App/usbd_audio_if.o
 .text.AUDIO_VolumeCtl_FS
                0x0000000008008214       0x18 USB_DEVICE/App/usbd_audio_if.o
 .text.AUDIO_MuteCtl_FS
                0x000000000800822c       0x18 USB_DEVICE/App/usbd_audio_if.o
 .text.AUDIO_PeriodicTC_FS
                0x0000000008008244       0x18 USB_DEVICE/App/usbd_audio_if.o
 .text.AUDIO_GetState_FS
                0x000000000800825c       0x10 USB_DEVICE/App/usbd_audio_if.o
 .text.TransferComplete_CallBack_FS
                0x000000000800826c       0x14 USB_DEVICE/App/usbd_audio_if.o
                0x000000000800826c                TransferComplete_CallBack_FS
 .text.HalfTransfer_CallBack_FS
                0x0000000008008280       0x14 USB_DEVICE/App/usbd_audio_if.o
                0x0000000008008280                HalfTransfer_CallBack_FS
 .text.USBD_FS_DeviceDescriptor
                0x0000000008008294       0x24 USB_DEVICE/App/usbd_desc.o
                0x0000000008008294                USBD_FS_DeviceDescriptor
 .text.USBD_FS_LangIDStrDescriptor
                0x00000000080082b8       0x24 USB_DEVICE/App/usbd_desc.o
                0x00000000080082b8                USBD_FS_LangIDStrDescriptor
 .text.USBD_FS_ProductStrDescriptor
                0x00000000080082dc       0x3c USB_DEVICE/App/usbd_desc.o
                0x00000000080082dc                USBD_FS_ProductStrDescriptor
 .text.USBD_FS_ManufacturerStrDescriptor
                0x0000000008008318       0x28 USB_DEVICE/App/usbd_desc.o
                0x0000000008008318                USBD_FS_ManufacturerStrDescriptor
 .text.USBD_FS_SerialStrDescriptor
                0x0000000008008340       0x24 USB_DEVICE/App/usbd_desc.o
                0x0000000008008340                USBD_FS_SerialStrDescriptor
 .text.USBD_FS_ConfigStrDescriptor
                0x0000000008008364       0x3c USB_DEVICE/App/usbd_desc.o
                0x0000000008008364                USBD_FS_ConfigStrDescriptor
 .text.USBD_FS_InterfaceStrDescriptor
                0x00000000080083a0       0x3c USB_DEVICE/App/usbd_desc.o
                0x00000000080083a0                USBD_FS_InterfaceStrDescriptor
 .text.Get_SerialNum
                0x00000000080083dc       0x58 USB_DEVICE/App/usbd_desc.o
 .text.IntToUnicode
                0x0000000008008434       0x7c USB_DEVICE/App/usbd_desc.o
 .text.HAL_PCD_MspInit
                0x00000000080084b0       0xa8 USB_DEVICE/Target/usbd_conf.o
                0x00000000080084b0                HAL_PCD_MspInit
 .text.HAL_PCD_SetupStageCallback
                0x0000000008008558       0x24 USB_DEVICE/Target/usbd_conf.o
                0x0000000008008558                HAL_PCD_SetupStageCallback
 .text.HAL_PCD_DataOutStageCallback
                0x000000000800857c       0x36 USB_DEVICE/Target/usbd_conf.o
                0x000000000800857c                HAL_PCD_DataOutStageCallback
 .text.HAL_PCD_DataInStageCallback
                0x00000000080085b2       0x34 USB_DEVICE/Target/usbd_conf.o
                0x00000000080085b2                HAL_PCD_DataInStageCallback
 .text.HAL_PCD_SOFCallback
                0x00000000080085e6       0x1c USB_DEVICE/Target/usbd_conf.o
                0x00000000080085e6                HAL_PCD_SOFCallback
 .text.HAL_PCD_ResetCallback
                0x0000000008008602       0x50 USB_DEVICE/Target/usbd_conf.o
                0x0000000008008602                HAL_PCD_ResetCallback
 *fill*         0x0000000008008652        0x2 
 .text.HAL_PCD_SuspendCallback
                0x0000000008008654       0x4c USB_DEVICE/Target/usbd_conf.o
                0x0000000008008654                HAL_PCD_SuspendCallback
 .text.HAL_PCD_ResumeCallback
                0x00000000080086a0       0x1c USB_DEVICE/Target/usbd_conf.o
                0x00000000080086a0                HAL_PCD_ResumeCallback
 .text.HAL_PCD_ISOOUTIncompleteCallback
                0x00000000080086bc       0x24 USB_DEVICE/Target/usbd_conf.o
                0x00000000080086bc                HAL_PCD_ISOOUTIncompleteCallback
 .text.HAL_PCD_ISOINIncompleteCallback
                0x00000000080086e0       0x24 USB_DEVICE/Target/usbd_conf.o
                0x00000000080086e0                HAL_PCD_ISOINIncompleteCallback
 .text.HAL_PCD_ConnectCallback
                0x0000000008008704       0x1c USB_DEVICE/Target/usbd_conf.o
                0x0000000008008704                HAL_PCD_ConnectCallback
 .text.HAL_PCD_DisconnectCallback
                0x0000000008008720       0x1c USB_DEVICE/Target/usbd_conf.o
                0x0000000008008720                HAL_PCD_DisconnectCallback
 .text.USBD_LL_Init
                0x000000000800873c       0x98 USB_DEVICE/Target/usbd_conf.o
                0x000000000800873c                USBD_LL_Init
 .text.USBD_LL_Start
                0x00000000080087d4       0x36 USB_DEVICE/Target/usbd_conf.o
                0x00000000080087d4                USBD_LL_Start
 .text.USBD_LL_OpenEP
                0x000000000800880a       0x4c USB_DEVICE/Target/usbd_conf.o
                0x000000000800880a                USBD_LL_OpenEP
 .text.USBD_LL_CloseEP
                0x0000000008008856       0x3e USB_DEVICE/Target/usbd_conf.o
                0x0000000008008856                USBD_LL_CloseEP
 .text.USBD_LL_StallEP
                0x0000000008008894       0x3e USB_DEVICE/Target/usbd_conf.o
                0x0000000008008894                USBD_LL_StallEP
 .text.USBD_LL_ClearStallEP
                0x00000000080088d2       0x3e USB_DEVICE/Target/usbd_conf.o
                0x00000000080088d2                USBD_LL_ClearStallEP
 .text.USBD_LL_IsStallEP
                0x0000000008008910       0x58 USB_DEVICE/Target/usbd_conf.o
                0x0000000008008910                USBD_LL_IsStallEP
 .text.USBD_LL_SetUSBAddress
                0x0000000008008968       0x3e USB_DEVICE/Target/usbd_conf.o
                0x0000000008008968                USBD_LL_SetUSBAddress
 .text.USBD_LL_Transmit
                0x00000000080089a6       0x46 USB_DEVICE/Target/usbd_conf.o
                0x00000000080089a6                USBD_LL_Transmit
 .text.USBD_LL_PrepareReceive
                0x00000000080089ec       0x46 USB_DEVICE/Target/usbd_conf.o
                0x00000000080089ec                USBD_LL_PrepareReceive
 *fill*         0x0000000008008a32        0x2 
 .text.USBD_Get_USB_Status
                0x0000000008008a34       0x58 USB_DEVICE/Target/usbd_conf.o
                0x0000000008008a34                USBD_Get_USB_Status
 .text.__errno  0x0000000008008a8c        0xc c:/program files/stmicroelectronics/stm32cube/stm32cubeide_1.2.0/stm32cubeide/plugins/com.st.stm32cube.ide.mcu.externaltools.gnu-tools-for-stm32.7-2018-q2-update.win32_1.0.0.201904181610/tools/bin/../lib/gcc/arm-none-eabi/7.3.1/../../../../arm-none-eabi/lib/thumb/v7e-m/fpv4-sp/hard\libc_nano.a(lib_a-errno.o)
                0x0000000008008a8c                __errno
 .text.__libc_init_array
                0x0000000008008a98       0x48 c:/program files/stmicroelectronics/stm32cube/stm32cubeide_1.2.0/stm32cubeide/plugins/com.st.stm32cube.ide.mcu.externaltools.gnu-tools-for-stm32.7-2018-q2-update.win32_1.0.0.201904181610/tools/bin/../lib/gcc/arm-none-eabi/7.3.1/../../../../arm-none-eabi/lib/thumb/v7e-m/fpv4-sp/hard\libc_nano.a(lib_a-init.o)
                0x0000000008008a98                __libc_init_array
 .text.malloc   0x0000000008008ae0       0x10 c:/program files/stmicroelectronics/stm32cube/stm32cubeide_1.2.0/stm32cubeide/plugins/com.st.stm32cube.ide.mcu.externaltools.gnu-tools-for-stm32.7-2018-q2-update.win32_1.0.0.201904181610/tools/bin/../lib/gcc/arm-none-eabi/7.3.1/../../../../arm-none-eabi/lib/thumb/v7e-m/fpv4-sp/hard\libc_nano.a(lib_a-malloc.o)
                0x0000000008008ae0                malloc
 .text.free     0x0000000008008af0       0x10 c:/program files/stmicroelectronics/stm32cube/stm32cubeide_1.2.0/stm32cubeide/plugins/com.st.stm32cube.ide.mcu.externaltools.gnu-tools-for-stm32.7-2018-q2-update.win32_1.0.0.201904181610/tools/bin/../lib/gcc/arm-none-eabi/7.3.1/../../../../arm-none-eabi/lib/thumb/v7e-m/fpv4-sp/hard\libc_nano.a(lib_a-malloc.o)
                0x0000000008008af0                free
 .text.memset   0x0000000008008b00       0x10 c:/program files/stmicroelectronics/stm32cube/stm32cubeide_1.2.0/stm32cubeide/plugins/com.st.stm32cube.ide.mcu.externaltools.gnu-tools-for-stm32.7-2018-q2-update.win32_1.0.0.201904181610/tools/bin/../lib/gcc/arm-none-eabi/7.3.1/../../../../arm-none-eabi/lib/thumb/v7e-m/fpv4-sp/hard\libc_nano.a(lib_a-memset.o)
                0x0000000008008b00                memset
 .text._free_r  0x0000000008008b10       0x9c c:/program files/stmicroelectronics/stm32cube/stm32cubeide_1.2.0/stm32cubeide/plugins/com.st.stm32cube.ide.mcu.externaltools.gnu-tools-for-stm32.7-2018-q2-update.win32_1.0.0.201904181610/tools/bin/../lib/gcc/arm-none-eabi/7.3.1/../../../../arm-none-eabi/lib/thumb/v7e-m/fpv4-sp/hard\libc_nano.a(lib_a-nano-freer.o)
                0x0000000008008b10                _free_r
 .text._malloc_r
                0x0000000008008bac       0xb4 c:/program files/stmicroelectronics/stm32cube/stm32cubeide_1.2.0/stm32cubeide/plugins/com.st.stm32cube.ide.mcu.externaltools.gnu-tools-for-stm32.7-2018-q2-update.win32_1.0.0.201904181610/tools/bin/../lib/gcc/arm-none-eabi/7.3.1/../../../../arm-none-eabi/lib/thumb/v7e-m/fpv4-sp/hard\libc_nano.a(lib_a-nano-mallocr.o)
                0x0000000008008bac                _malloc_r
 .text._sbrk_r  0x0000000008008c60       0x20 c:/program files/stmicroelectronics/stm32cube/stm32cubeide_1.2.0/stm32cubeide/plugins/com.st.stm32cube.ide.mcu.externaltools.gnu-tools-for-stm32.7-2018-q2-update.win32_1.0.0.201904181610/tools/bin/../lib/gcc/arm-none-eabi/7.3.1/../../../../arm-none-eabi/lib/thumb/v7e-m/fpv4-sp/hard\libc_nano.a(lib_a-sbrkr.o)
                0x0000000008008c60                _sbrk_r
 .text.__malloc_lock
                0x0000000008008c80        0x2 c:/program files/stmicroelectronics/stm32cube/stm32cubeide_1.2.0/stm32cubeide/plugins/com.st.stm32cube.ide.mcu.externaltools.gnu-tools-for-stm32.7-2018-q2-update.win32_1.0.0.201904181610/tools/bin/../lib/gcc/arm-none-eabi/7.3.1/../../../../arm-none-eabi/lib/thumb/v7e-m/fpv4-sp/hard\libc_nano.a(lib_a-mlock.o)
                0x0000000008008c80                __malloc_lock
 .text.__malloc_unlock
                0x0000000008008c82        0x2 c:/program files/stmicroelectronics/stm32cube/stm32cubeide_1.2.0/stm32cubeide/plugins/com.st.stm32cube.ide.mcu.externaltools.gnu-tools-for-stm32.7-2018-q2-update.win32_1.0.0.201904181610/tools/bin/../lib/gcc/arm-none-eabi/7.3.1/../../../../arm-none-eabi/lib/thumb/v7e-m/fpv4-sp/hard\libc_nano.a(lib_a-mlock.o)
                0x0000000008008c82                __malloc_unlock
 *(.glue_7)
 .glue_7        0x0000000008008c84        0x0 linker stubs
 *(.glue_7t)
 .glue_7t       0x0000000008008c84        0x0 linker stubs
 *(.eh_frame)
 .eh_frame      0x0000000008008c84        0x0 c:/program files/stmicroelectronics/stm32cube/stm32cubeide_1.2.0/stm32cubeide/plugins/com.st.stm32cube.ide.mcu.externaltools.gnu-tools-for-stm32.7-2018-q2-update.win32_1.0.0.201904181610/tools/bin/../lib/gcc/arm-none-eabi/7.3.1/thumb/v7e-m/fpv4-sp/hard/crtbegin.o
 *(.init)
 .init          0x0000000008008c84        0x4 c:/program files/stmicroelectronics/stm32cube/stm32cubeide_1.2.0/stm32cubeide/plugins/com.st.stm32cube.ide.mcu.externaltools.gnu-tools-for-stm32.7-2018-q2-update.win32_1.0.0.201904181610/tools/bin/../lib/gcc/arm-none-eabi/7.3.1/thumb/v7e-m/fpv4-sp/hard/crti.o
                0x0000000008008c84                _init
 .init          0x0000000008008c88        0x8 c:/program files/stmicroelectronics/stm32cube/stm32cubeide_1.2.0/stm32cubeide/plugins/com.st.stm32cube.ide.mcu.externaltools.gnu-tools-for-stm32.7-2018-q2-update.win32_1.0.0.201904181610/tools/bin/../lib/gcc/arm-none-eabi/7.3.1/thumb/v7e-m/fpv4-sp/hard/crtn.o
 *(.fini)
 .fini          0x0000000008008c90        0x4 c:/program files/stmicroelectronics/stm32cube/stm32cubeide_1.2.0/stm32cubeide/plugins/com.st.stm32cube.ide.mcu.externaltools.gnu-tools-for-stm32.7-2018-q2-update.win32_1.0.0.201904181610/tools/bin/../lib/gcc/arm-none-eabi/7.3.1/thumb/v7e-m/fpv4-sp/hard/crti.o
                0x0000000008008c90                _fini
 .fini          0x0000000008008c94        0x8 c:/program files/stmicroelectronics/stm32cube/stm32cubeide_1.2.0/stm32cubeide/plugins/com.st.stm32cube.ide.mcu.externaltools.gnu-tools-for-stm32.7-2018-q2-update.win32_1.0.0.201904181610/tools/bin/../lib/gcc/arm-none-eabi/7.3.1/thumb/v7e-m/fpv4-sp/hard/crtn.o
                0x0000000008008c9c                . = ALIGN (0x4)
                0x0000000008008c9c                _etext = .

.vfp11_veneer   0x0000000008008c9c        0x0
 .vfp11_veneer  0x0000000008008c9c        0x0 linker stubs

.v4_bx          0x0000000008008c9c        0x0
 .v4_bx         0x0000000008008c9c        0x0 linker stubs

.iplt           0x0000000008008c9c        0x0
 .iplt          0x0000000008008c9c        0x0 c:/program files/stmicroelectronics/stm32cube/stm32cubeide_1.2.0/stm32cubeide/plugins/com.st.stm32cube.ide.mcu.externaltools.gnu-tools-for-stm32.7-2018-q2-update.win32_1.0.0.201904181610/tools/bin/../lib/gcc/arm-none-eabi/7.3.1/thumb/v7e-m/fpv4-sp/hard/crtbegin.o

.rodata         0x0000000008008c9c      0x284
                0x0000000008008c9c                . = ALIGN (0x4)
 *(.rodata)
 .rodata        0x0000000008008c9c       0x3b Drivers/STM32F4xx_HAL_Driver/Src/stm32f4xx_hal_cortex.o
 *fill*         0x0000000008008cd7        0x1 
 .rodata        0x0000000008008cd8       0x38 Drivers/STM32F4xx_HAL_Driver/Src/stm32f4xx_hal_dma.o
 .rodata        0x0000000008008d10       0x39 Drivers/STM32F4xx_HAL_Driver/Src/stm32f4xx_hal_gpio.o
 *fill*         0x0000000008008d49        0x3 
 .rodata        0x0000000008008d4c       0x38 Drivers/STM32F4xx_HAL_Driver/Src/stm32f4xx_hal_i2c.o
 .rodata        0x0000000008008d84       0x38 Drivers/STM32F4xx_HAL_Driver/Src/stm32f4xx_hal_i2s.o
 .rodata        0x0000000008008dbc       0x38 Drivers/STM32F4xx_HAL_Driver/Src/stm32f4xx_hal_pcd.o
 .rodata        0x0000000008008df4       0x38 Drivers/STM32F4xx_HAL_Driver/Src/stm32f4xx_hal_rcc.o
 .rodata        0x0000000008008e2c       0x3b Drivers/STM32F4xx_HAL_Driver/Src/stm32f4xx_hal_rcc_ex.o
 *fill*         0x0000000008008e67        0x1 
 .rodata        0x0000000008008e68       0x38 USB_DEVICE/App/usbd_desc.o
 *(.rodata*)
 .rodata.AHBPrescTable
                0x0000000008008ea0       0x10 Core/Src/system_stm32f4xx.o
                0x0000000008008ea0                AHBPrescTable
 .rodata.APBPrescTable
                0x0000000008008eb0        0x8 Core/Src/system_stm32f4xx.o
                0x0000000008008eb0                APBPrescTable
 .rodata.flagBitshiftOffset.8046
                0x0000000008008eb8        0x8 Drivers/STM32F4xx_HAL_Driver/Src/stm32f4xx_hal_dma.o
 .rodata.__sf_fake_stderr
                0x0000000008008ec0       0x20 c:/program files/stmicroelectronics/stm32cube/stm32cubeide_1.2.0/stm32cubeide/plugins/com.st.stm32cube.ide.mcu.externaltools.gnu-tools-for-stm32.7-2018-q2-update.win32_1.0.0.201904181610/tools/bin/../lib/gcc/arm-none-eabi/7.3.1/../../../../arm-none-eabi/lib/thumb/v7e-m/fpv4-sp/hard\libc_nano.a(lib_a-findfp.o)
                0x0000000008008ec0                __sf_fake_stderr
 .rodata.__sf_fake_stdin
                0x0000000008008ee0       0x20 c:/program files/stmicroelectronics/stm32cube/stm32cubeide_1.2.0/stm32cubeide/plugins/com.st.stm32cube.ide.mcu.externaltools.gnu-tools-for-stm32.7-2018-q2-update.win32_1.0.0.201904181610/tools/bin/../lib/gcc/arm-none-eabi/7.3.1/../../../../arm-none-eabi/lib/thumb/v7e-m/fpv4-sp/hard\libc_nano.a(lib_a-findfp.o)
                0x0000000008008ee0                __sf_fake_stdin
 .rodata.__sf_fake_stdout
                0x0000000008008f00       0x20 c:/program files/stmicroelectronics/stm32cube/stm32cubeide_1.2.0/stm32cubeide/plugins/com.st.stm32cube.ide.mcu.externaltools.gnu-tools-for-stm32.7-2018-q2-update.win32_1.0.0.201904181610/tools/bin/../lib/gcc/arm-none-eabi/7.3.1/../../../../arm-none-eabi/lib/thumb/v7e-m/fpv4-sp/hard\libc_nano.a(lib_a-findfp.o)
                0x0000000008008f00                __sf_fake_stdout
                0x0000000008008f20                . = ALIGN (0x4)

.ARM.extab      0x0000000008008f20        0x0
                0x0000000008008f20                . = ALIGN (0x4)
 *(.ARM.extab* .gnu.linkonce.armextab.*)
                0x0000000008008f20                . = ALIGN (0x4)

.ARM            0x0000000008008f20        0x8
                0x0000000008008f20                . = ALIGN (0x4)
                0x0000000008008f20                __exidx_start = .
 *(.ARM.exidx*)
 .ARM.exidx     0x0000000008008f20        0x8 c:/program files/stmicroelectronics/stm32cube/stm32cubeide_1.2.0/stm32cubeide/plugins/com.st.stm32cube.ide.mcu.externaltools.gnu-tools-for-stm32.7-2018-q2-update.win32_1.0.0.201904181610/tools/bin/../lib/gcc/arm-none-eabi/7.3.1/thumb/v7e-m/fpv4-sp/hard\libgcc.a(_udivmoddi4.o)
                0x0000000008008f28                __exidx_end = .
                0x0000000008008f28                . = ALIGN (0x4)

.rel.dyn        0x0000000008008f28        0x0
 .rel.iplt      0x0000000008008f28        0x0 c:/program files/stmicroelectronics/stm32cube/stm32cubeide_1.2.0/stm32cubeide/plugins/com.st.stm32cube.ide.mcu.externaltools.gnu-tools-for-stm32.7-2018-q2-update.win32_1.0.0.201904181610/tools/bin/../lib/gcc/arm-none-eabi/7.3.1/thumb/v7e-m/fpv4-sp/hard/crtbegin.o

.preinit_array  0x0000000008008f28        0x0
                0x0000000008008f28                . = ALIGN (0x4)
                0x0000000008008f28                PROVIDE (__preinit_array_start = .)
 *(.preinit_array*)
                0x0000000008008f28                PROVIDE (__preinit_array_end = .)
                0x0000000008008f28                . = ALIGN (0x4)

.init_array     0x0000000008008f28        0x4
                0x0000000008008f28                . = ALIGN (0x4)
                0x0000000008008f28                PROVIDE (__init_array_start = .)
 *(SORT_BY_NAME(.init_array.*))
 *(.init_array*)
 .init_array    0x0000000008008f28        0x4 c:/program files/stmicroelectronics/stm32cube/stm32cubeide_1.2.0/stm32cubeide/plugins/com.st.stm32cube.ide.mcu.externaltools.gnu-tools-for-stm32.7-2018-q2-update.win32_1.0.0.201904181610/tools/bin/../lib/gcc/arm-none-eabi/7.3.1/thumb/v7e-m/fpv4-sp/hard/crtbegin.o
                0x0000000008008f2c                PROVIDE (__init_array_end = .)
                0x0000000008008f2c                . = ALIGN (0x4)

.fini_array     0x0000000008008f2c        0x4
                0x0000000008008f2c                . = ALIGN (0x4)
                [!provide]                        PROVIDE (__fini_array_start = .)
 *(SORT_BY_NAME(.fini_array.*))
 *(.fini_array*)
 .fini_array    0x0000000008008f2c        0x4 c:/program files/stmicroelectronics/stm32cube/stm32cubeide_1.2.0/stm32cubeide/plugins/com.st.stm32cube.ide.mcu.externaltools.gnu-tools-for-stm32.7-2018-q2-update.win32_1.0.0.201904181610/tools/bin/../lib/gcc/arm-none-eabi/7.3.1/thumb/v7e-m/fpv4-sp/hard/crtbegin.o
                [!provide]                        PROVIDE (__fini_array_end = .)
                0x0000000008008f30                . = ALIGN (0x4)
                0x0000000008008f30                _sidata = LOADADDR (.data)

.data           0x0000000020000000      0x190 load address 0x0000000008008f30
                0x0000000020000000                . = ALIGN (0x4)
                0x0000000020000000                _sdata = .
 *(.data)
 *(.data*)
 .data.SystemCoreClock
                0x0000000020000000        0x4 Core/Src/system_stm32f4xx.o
                0x0000000020000000                SystemCoreClock
 .data.uwTickPrio
                0x0000000020000004        0x4 Drivers/STM32F4xx_HAL_Driver/Src/stm32f4xx_hal.o
                0x0000000020000004                uwTickPrio
 .data.uwTickFreq
                0x0000000020000008        0x1 Drivers/STM32F4xx_HAL_Driver/Src/stm32f4xx_hal.o
                0x0000000020000008                uwTickFreq
 *fill*         0x0000000020000009        0x3 
 .data.USBD_AUDIO
                0x000000002000000c       0x38 Middlewares/ST/STM32_USB_Device_Library/Class/AUDIO/Src/usbd_audio.o
                0x000000002000000c                USBD_AUDIO
 .data.USBD_AUDIO_CfgDesc
                0x0000000020000044       0x6d Middlewares/ST/STM32_USB_Device_Library/Class/AUDIO/Src/usbd_audio.o
 *fill*         0x00000000200000b1        0x3 
 .data.USBD_AUDIO_DeviceQualifierDesc
                0x00000000200000b4        0xa Middlewares/ST/STM32_USB_Device_Library/Class/AUDIO/Src/usbd_audio.o
 *fill*         0x00000000200000be        0x2 
 .data.USBD_AUDIO_fops_FS
                0x00000000200000c0       0x1c USB_DEVICE/App/usbd_audio_if.o
                0x00000000200000c0                USBD_AUDIO_fops_FS
 .data.FS_Desc  0x00000000200000dc       0x1c USB_DEVICE/App/usbd_desc.o
                0x00000000200000dc                FS_Desc
 .data.USBD_FS_DeviceDesc
                0x00000000200000f8       0x12 USB_DEVICE/App/usbd_desc.o
                0x00000000200000f8                USBD_FS_DeviceDesc
 *fill*         0x000000002000010a        0x2 
 .data.USBD_LangIDDesc
                0x000000002000010c        0x4 USB_DEVICE/App/usbd_desc.o
                0x000000002000010c                USBD_LangIDDesc
 .data.USBD_StringSerial
                0x0000000020000110       0x1a USB_DEVICE/App/usbd_desc.o
                0x0000000020000110                USBD_StringSerial
 *fill*         0x000000002000012a        0x2 
 .data._impure_ptr
                0x000000002000012c        0x4 c:/program files/stmicroelectronics/stm32cube/stm32cubeide_1.2.0/stm32cubeide/plugins/com.st.stm32cube.ide.mcu.externaltools.gnu-tools-for-stm32.7-2018-q2-update.win32_1.0.0.201904181610/tools/bin/../lib/gcc/arm-none-eabi/7.3.1/../../../../arm-none-eabi/lib/thumb/v7e-m/fpv4-sp/hard\libc_nano.a(lib_a-impure.o)
                0x000000002000012c                _impure_ptr
 .data.impure_data
                0x0000000020000130       0x60 c:/program files/stmicroelectronics/stm32cube/stm32cubeide_1.2.0/stm32cubeide/plugins/com.st.stm32cube.ide.mcu.externaltools.gnu-tools-for-stm32.7-2018-q2-update.win32_1.0.0.201904181610/tools/bin/../lib/gcc/arm-none-eabi/7.3.1/../../../../arm-none-eabi/lib/thumb/v7e-m/fpv4-sp/hard\libc_nano.a(lib_a-impure.o)
                0x0000000020000190                . = ALIGN (0x4)
                0x0000000020000190                _edata = .

.igot.plt       0x0000000020000190        0x0 load address 0x00000000080090c0
 .igot.plt      0x0000000020000190        0x0 c:/program files/stmicroelectronics/stm32cube/stm32cubeide_1.2.0/stm32cubeide/plugins/com.st.stm32cube.ide.mcu.externaltools.gnu-tools-for-stm32.7-2018-q2-update.win32_1.0.0.201904181610/tools/bin/../lib/gcc/arm-none-eabi/7.3.1/thumb/v7e-m/fpv4-sp/hard/crtbegin.o
                0x0000000020000190                . = ALIGN (0x4)

.bss            0x0000000020000190      0x9d4 load address 0x00000000080090c0
                0x0000000020000190                _sbss = .
                0x0000000020000190                __bss_start__ = _sbss
 *(.bss)
 .bss           0x0000000020000190       0x1c c:/program files/stmicroelectronics/stm32cube/stm32cubeide_1.2.0/stm32cubeide/plugins/com.st.stm32cube.ide.mcu.externaltools.gnu-tools-for-stm32.7-2018-q2-update.win32_1.0.0.201904181610/tools/bin/../lib/gcc/arm-none-eabi/7.3.1/thumb/v7e-m/fpv4-sp/hard/crtbegin.o
 *(.bss*)
 .bss.heap_end.6424
                0x00000000200001ac        0x4 Core/Src/sysmem.o
 .bss.cfgidx.9910
                0x00000000200001b0        0x1 Middlewares/ST/STM32_USB_Device_Library/Core/Src/usbd_ctlreq.o
 *fill*         0x00000000200001b1        0x3 
 .bss.__malloc_free_list
                0x00000000200001b4        0x4 c:/program files/stmicroelectronics/stm32cube/stm32cubeide_1.2.0/stm32cubeide/plugins/com.st.stm32cube.ide.mcu.externaltools.gnu-tools-for-stm32.7-2018-q2-update.win32_1.0.0.201904181610/tools/bin/../lib/gcc/arm-none-eabi/7.3.1/../../../../arm-none-eabi/lib/thumb/v7e-m/fpv4-sp/hard\libc_nano.a(lib_a-nano-mallocr.o)
                0x00000000200001b4                __malloc_free_list
 .bss.__malloc_sbrk_start
                0x00000000200001b8        0x4 c:/program files/stmicroelectronics/stm32cube/stm32cubeide_1.2.0/stm32cubeide/plugins/com.st.stm32cube.ide.mcu.externaltools.gnu-tools-for-stm32.7-2018-q2-update.win32_1.0.0.201904181610/tools/bin/../lib/gcc/arm-none-eabi/7.3.1/../../../../arm-none-eabi/lib/thumb/v7e-m/fpv4-sp/hard\libc_nano.a(lib_a-nano-mallocr.o)
                0x00000000200001b8                __malloc_sbrk_start
 *(COMMON)
 COMMON         0x00000000200001bc       0x54 Core/Src/i2c.o
                0x00000000200001bc                hi2c1
 COMMON         0x0000000020000210       0xa8 Core/Src/i2s.o
                0x0000000020000210                hdma_spi2_tx
                0x0000000020000270                hi2s2
 COMMON         0x00000000200002b8        0x4 Drivers/STM32F4xx_HAL_Driver/Src/stm32f4xx_hal.o
                0x00000000200002b8                uwTick
 COMMON         0x00000000200002bc      0x29c USB_DEVICE/App/usb_device.o
                0x00000000200002bc                hUsbDeviceFS
 COMMON         0x0000000020000558      0x200 USB_DEVICE/App/usbd_desc.o
                0x0000000020000558                USBD_StrDesc
 COMMON         0x0000000020000758      0x408 USB_DEVICE/Target/usbd_conf.o
                0x0000000020000758                hpcd_USB_OTG_FS
 COMMON         0x0000000020000b60        0x4 c:/program files/stmicroelectronics/stm32cube/stm32cubeide_1.2.0/stm32cubeide/plugins/com.st.stm32cube.ide.mcu.externaltools.gnu-tools-for-stm32.7-2018-q2-update.win32_1.0.0.201904181610/tools/bin/../lib/gcc/arm-none-eabi/7.3.1/../../../../arm-none-eabi/lib/thumb/v7e-m/fpv4-sp/hard\libc_nano.a(lib_a-reent.o)
                0x0000000020000b60                errno
                0x0000000020000b64                . = ALIGN (0x4)
                0x0000000020000b64                _ebss = .
                0x0000000020000b64                __bss_end__ = _ebss

._user_heap_stack
                0x0000000020000b64     0x5004 load address 0x00000000080090c0
                0x0000000020000b68                . = ALIGN (0x8)
 *fill*         0x0000000020000b64        0x4 
                0x0000000020000b68                PROVIDE (end = .)
                [!provide]                        PROVIDE (_end = .)
                0x0000000020004b68                . = (. + _Min_Heap_Size)
 *fill*         0x0000000020000b68     0x4000 
                0x0000000020005b68                . = (. + _Min_Stack_Size)
 *fill*         0x0000000020004b68     0x1000 
                0x0000000020005b68                . = ALIGN (0x8)

/DISCARD/
 libc.a(*)
 libm.a(*)
 libgcc.a(*)

.ARM.attributes
                0x0000000000000000       0x30
 *(.ARM.attributes)
 .ARM.attributes
                0x0000000000000000       0x22 c:/program files/stmicroelectronics/stm32cube/stm32cubeide_1.2.0/stm32cubeide/plugins/com.st.stm32cube.ide.mcu.externaltools.gnu-tools-for-stm32.7-2018-q2-update.win32_1.0.0.201904181610/tools/bin/../lib/gcc/arm-none-eabi/7.3.1/thumb/v7e-m/fpv4-sp/hard/crti.o
 .ARM.attributes
                0x0000000000000022       0x34 c:/program files/stmicroelectronics/stm32cube/stm32cubeide_1.2.0/stm32cubeide/plugins/com.st.stm32cube.ide.mcu.externaltools.gnu-tools-for-stm32.7-2018-q2-update.win32_1.0.0.201904181610/tools/bin/../lib/gcc/arm-none-eabi/7.3.1/thumb/v7e-m/fpv4-sp/hard/crtbegin.o
 .ARM.attributes
                0x0000000000000056       0x39 Core/Src/dma.o
 .ARM.attributes
                0x000000000000008f       0x39 Core/Src/gpio.o
 .ARM.attributes
                0x00000000000000c8       0x39 Core/Src/i2c.o
 .ARM.attributes
                0x0000000000000101       0x39 Core/Src/i2s.o
 .ARM.attributes
                0x000000000000013a       0x39 Core/Src/main.o
 .ARM.attributes
                0x0000000000000173       0x39 Core/Src/stm32f4xx_hal_msp.o
 .ARM.attributes
                0x00000000000001ac       0x39 Core/Src/stm32f4xx_it.o
 .ARM.attributes
                0x00000000000001e5       0x39 Core/Src/sysmem.o
 .ARM.attributes
                0x000000000000021e       0x39 Core/Src/system_stm32f4xx.o
 .ARM.attributes
                0x0000000000000257       0x21 Core/Startup/startup_stm32f401retx.o
 .ARM.attributes
                0x0000000000000278       0x39 Drivers/STM32F4xx_HAL_Driver/Src/stm32f4xx_hal.o
 .ARM.attributes
                0x00000000000002b1       0x39 Drivers/STM32F4xx_HAL_Driver/Src/stm32f4xx_hal_cortex.o
 .ARM.attributes
                0x00000000000002ea       0x39 Drivers/STM32F4xx_HAL_Driver/Src/stm32f4xx_hal_dma.o
 .ARM.attributes
                0x0000000000000323       0x39 Drivers/STM32F4xx_HAL_Driver/Src/stm32f4xx_hal_gpio.o
 .ARM.attributes
                0x000000000000035c       0x39 Drivers/STM32F4xx_HAL_Driver/Src/stm32f4xx_hal_i2c.o
 .ARM.attributes
                0x0000000000000395       0x39 Drivers/STM32F4xx_HAL_Driver/Src/stm32f4xx_hal_i2s.o
 .ARM.attributes
                0x00000000000003ce       0x39 Drivers/STM32F4xx_HAL_Driver/Src/stm32f4xx_hal_i2s_ex.o
 .ARM.attributes
                0x0000000000000407       0x39 Drivers/STM32F4xx_HAL_Driver/Src/stm32f4xx_hal_pcd.o
 .ARM.attributes
                0x0000000000000440       0x39 Drivers/STM32F4xx_HAL_Driver/Src/stm32f4xx_hal_pcd_ex.o
 .ARM.attributes
                0x0000000000000479       0x39 Drivers/STM32F4xx_HAL_Driver/Src/stm32f4xx_hal_rcc.o
 .ARM.attributes
                0x00000000000004b2       0x39 Drivers/STM32F4xx_HAL_Driver/Src/stm32f4xx_hal_rcc_ex.o
 .ARM.attributes
                0x00000000000004eb       0x39 Drivers/STM32F4xx_HAL_Driver/Src/stm32f4xx_ll_usb.o
 .ARM.attributes
                0x0000000000000524       0x39 Middlewares/ST/STM32_USB_Device_Library/Class/AUDIO/Src/usbd_audio.o
 .ARM.attributes
                0x000000000000055d       0x39 Middlewares/ST/STM32_USB_Device_Library/Core/Src/usbd_core.o
 .ARM.attributes
                0x0000000000000596       0x39 Middlewares/ST/STM32_USB_Device_Library/Core/Src/usbd_ctlreq.o
 .ARM.attributes
                0x00000000000005cf       0x39 Middlewares/ST/STM32_USB_Device_Library/Core/Src/usbd_ioreq.o
 .ARM.attributes
                0x0000000000000608       0x39 USB_DEVICE/App/usb_device.o
 .ARM.attributes
                0x0000000000000641       0x39 USB_DEVICE/App/usbd_audio_if.o
 .ARM.attributes
                0x000000000000067a       0x39 USB_DEVICE/App/usbd_desc.o
 .ARM.attributes
                0x00000000000006b3       0x39 USB_DEVICE/Target/usbd_conf.o
 .ARM.attributes
                0x00000000000006ec       0x34 c:/program files/stmicroelectronics/stm32cube/stm32cubeide_1.2.0/stm32cubeide/plugins/com.st.stm32cube.ide.mcu.externaltools.gnu-tools-for-stm32.7-2018-q2-update.win32_1.0.0.201904181610/tools/bin/../lib/gcc/arm-none-eabi/7.3.1/../../../../arm-none-eabi/lib/thumb/v7e-m/fpv4-sp/hard\libc_nano.a(lib_a-errno.o)
 .ARM.attributes
                0x0000000000000720       0x34 c:/program files/stmicroelectronics/stm32cube/stm32cubeide_1.2.0/stm32cubeide/plugins/com.st.stm32cube.ide.mcu.externaltools.gnu-tools-for-stm32.7-2018-q2-update.win32_1.0.0.201904181610/tools/bin/../lib/gcc/arm-none-eabi/7.3.1/../../../../arm-none-eabi/lib/thumb/v7e-m/fpv4-sp/hard\libc_nano.a(lib_a-impure.o)
 .ARM.attributes
                0x0000000000000754       0x34 c:/program files/stmicroelectronics/stm32cube/stm32cubeide_1.2.0/stm32cubeide/plugins/com.st.stm32cube.ide.mcu.externaltools.gnu-tools-for-stm32.7-2018-q2-update.win32_1.0.0.201904181610/tools/bin/../lib/gcc/arm-none-eabi/7.3.1/../../../../arm-none-eabi/lib/thumb/v7e-m/fpv4-sp/hard\libc_nano.a(lib_a-init.o)
 .ARM.attributes
                0x0000000000000788       0x34 c:/program files/stmicroelectronics/stm32cube/stm32cubeide_1.2.0/stm32cubeide/plugins/com.st.stm32cube.ide.mcu.externaltools.gnu-tools-for-stm32.7-2018-q2-update.win32_1.0.0.201904181610/tools/bin/../lib/gcc/arm-none-eabi/7.3.1/../../../../arm-none-eabi/lib/thumb/v7e-m/fpv4-sp/hard\libc_nano.a(lib_a-malloc.o)
 .ARM.attributes
                0x00000000000007bc       0x34 c:/program files/stmicroelectronics/stm32cube/stm32cubeide_1.2.0/stm32cubeide/plugins/com.st.stm32cube.ide.mcu.externaltools.gnu-tools-for-stm32.7-2018-q2-update.win32_1.0.0.201904181610/tools/bin/../lib/gcc/arm-none-eabi/7.3.1/../../../../arm-none-eabi/lib/thumb/v7e-m/fpv4-sp/hard\libc_nano.a(lib_a-memset.o)
 .ARM.attributes
                0x00000000000007f0       0x34 c:/program files/stmicroelectronics/stm32cube/stm32cubeide_1.2.0/stm32cubeide/plugins/com.st.stm32cube.ide.mcu.externaltools.gnu-tools-for-stm32.7-2018-q2-update.win32_1.0.0.201904181610/tools/bin/../lib/gcc/arm-none-eabi/7.3.1/../../../../arm-none-eabi/lib/thumb/v7e-m/fpv4-sp/hard\libc_nano.a(lib_a-nano-freer.o)
 .ARM.attributes
                0x0000000000000824       0x34 c:/program files/stmicroelectronics/stm32cube/stm32cubeide_1.2.0/stm32cubeide/plugins/com.st.stm32cube.ide.mcu.externaltools.gnu-tools-for-stm32.7-2018-q2-update.win32_1.0.0.201904181610/tools/bin/../lib/gcc/arm-none-eabi/7.3.1/../../../../arm-none-eabi/lib/thumb/v7e-m/fpv4-sp/hard\libc_nano.a(lib_a-nano-mallocr.o)
 .ARM.attributes
                0x0000000000000858       0x34 c:/program files/stmicroelectronics/stm32cube/stm32cubeide_1.2.0/stm32cubeide/plugins/com.st.stm32cube.ide.mcu.externaltools.gnu-tools-for-stm32.7-2018-q2-update.win32_1.0.0.201904181610/tools/bin/../lib/gcc/arm-none-eabi/7.3.1/../../../../arm-none-eabi/lib/thumb/v7e-m/fpv4-sp/hard\libc_nano.a(lib_a-sbrkr.o)
 .ARM.attributes
                0x000000000000088c       0x34 c:/program files/stmicroelectronics/stm32cube/stm32cubeide_1.2.0/stm32cubeide/plugins/com.st.stm32cube.ide.mcu.externaltools.gnu-tools-for-stm32.7-2018-q2-update.win32_1.0.0.201904181610/tools/bin/../lib/gcc/arm-none-eabi/7.3.1/../../../../arm-none-eabi/lib/thumb/v7e-m/fpv4-sp/hard\libc_nano.a(lib_a-findfp.o)
 .ARM.attributes
                0x00000000000008c0       0x34 c:/program files/stmicroelectronics/stm32cube/stm32cubeide_1.2.0/stm32cubeide/plugins/com.st.stm32cube.ide.mcu.externaltools.gnu-tools-for-stm32.7-2018-q2-update.win32_1.0.0.201904181610/tools/bin/../lib/gcc/arm-none-eabi/7.3.1/../../../../arm-none-eabi/lib/thumb/v7e-m/fpv4-sp/hard\libc_nano.a(lib_a-mlock.o)
 .ARM.attributes
                0x00000000000008f4       0x34 c:/program files/stmicroelectronics/stm32cube/stm32cubeide_1.2.0/stm32cubeide/plugins/com.st.stm32cube.ide.mcu.externaltools.gnu-tools-for-stm32.7-2018-q2-update.win32_1.0.0.201904181610/tools/bin/../lib/gcc/arm-none-eabi/7.3.1/../../../../arm-none-eabi/lib/thumb/v7e-m/fpv4-sp/hard\libc_nano.a(lib_a-reent.o)
 .ARM.attributes
                0x0000000000000928       0x22 c:/program files/stmicroelectronics/stm32cube/stm32cubeide_1.2.0/stm32cubeide/plugins/com.st.stm32cube.ide.mcu.externaltools.gnu-tools-for-stm32.7-2018-q2-update.win32_1.0.0.201904181610/tools/bin/../lib/gcc/arm-none-eabi/7.3.1/thumb/v7e-m/fpv4-sp/hard\libgcc.a(_aeabi_uldivmod.o)
 .ARM.attributes
                0x000000000000094a       0x34 c:/program files/stmicroelectronics/stm32cube/stm32cubeide_1.2.0/stm32cubeide/plugins/com.st.stm32cube.ide.mcu.externaltools.gnu-tools-for-stm32.7-2018-q2-update.win32_1.0.0.201904181610/tools/bin/../lib/gcc/arm-none-eabi/7.3.1/thumb/v7e-m/fpv4-sp/hard\libgcc.a(_udivmoddi4.o)
 .ARM.attributes
                0x000000000000097e       0x22 c:/program files/stmicroelectronics/stm32cube/stm32cubeide_1.2.0/stm32cubeide/plugins/com.st.stm32cube.ide.mcu.externaltools.gnu-tools-for-stm32.7-2018-q2-update.win32_1.0.0.201904181610/tools/bin/../lib/gcc/arm-none-eabi/7.3.1/thumb/v7e-m/fpv4-sp/hard\libgcc.a(_dvmd_tls.o)
 .ARM.attributes
                0x00000000000009a0       0x22 c:/program files/stmicroelectronics/stm32cube/stm32cubeide_1.2.0/stm32cubeide/plugins/com.st.stm32cube.ide.mcu.externaltools.gnu-tools-for-stm32.7-2018-q2-update.win32_1.0.0.201904181610/tools/bin/../lib/gcc/arm-none-eabi/7.3.1/thumb/v7e-m/fpv4-sp/hard/crtn.o
OUTPUT(BluePitch.elf elf32-littlearm)

.debug_info     0x0000000000000000    0x18a71
 .debug_info    0x0000000000000000      0x4fe Core/Src/dma.o
 .debug_info    0x00000000000004fe      0x4f4 Core/Src/gpio.o
 .debug_info    0x00000000000009f2      0xa0c Core/Src/i2c.o
 .debug_info    0x00000000000013fe      0x9db Core/Src/i2s.o
 .debug_info    0x0000000000001dd9     0x160e Core/Src/main.o
 .debug_info    0x00000000000033e7      0x38c Core/Src/stm32f4xx_hal_msp.o
 .debug_info    0x0000000000003773      0x8af Core/Src/stm32f4xx_it.o
 .debug_info    0x0000000000004022      0x91c Core/Src/sysmem.o
 .debug_info    0x000000000000493e      0x57e Core/Src/system_stm32f4xx.o
 .debug_info    0x0000000000004ebc       0x22 Core/Startup/startup_stm32f401retx.o
 .debug_info    0x0000000000004ede      0x8d3 Drivers/STM32F4xx_HAL_Driver/Src/stm32f4xx_hal.o
 .debug_info    0x00000000000057b1      0xda8 Drivers/STM32F4xx_HAL_Driver/Src/stm32f4xx_hal_cortex.o
 .debug_info    0x0000000000006559      0x960 Drivers/STM32F4xx_HAL_Driver/Src/stm32f4xx_hal_dma.o
 .debug_info    0x0000000000006eb9      0x7dc Drivers/STM32F4xx_HAL_Driver/Src/stm32f4xx_hal_gpio.o
 .debug_info    0x0000000000007695     0x23ba Drivers/STM32F4xx_HAL_Driver/Src/stm32f4xx_hal_i2c.o
 .debug_info    0x0000000000009a4f      0xdf3 Drivers/STM32F4xx_HAL_Driver/Src/stm32f4xx_hal_i2s.o
 .debug_info    0x000000000000a842      0xb6e Drivers/STM32F4xx_HAL_Driver/Src/stm32f4xx_hal_i2s_ex.o
 .debug_info    0x000000000000b3b0     0x1114 Drivers/STM32F4xx_HAL_Driver/Src/stm32f4xx_hal_pcd.o
 .debug_info    0x000000000000c4c4      0x753 Drivers/STM32F4xx_HAL_Driver/Src/stm32f4xx_hal_pcd_ex.o
 .debug_info    0x000000000000cc17      0x92e Drivers/STM32F4xx_HAL_Driver/Src/stm32f4xx_hal_rcc.o
 .debug_info    0x000000000000d545      0x5e5 Drivers/STM32F4xx_HAL_Driver/Src/stm32f4xx_hal_rcc_ex.o
 .debug_info    0x000000000000db2a     0x18dd Drivers/STM32F4xx_HAL_Driver/Src/stm32f4xx_ll_usb.o
 .debug_info    0x000000000000f407     0x13fd Middlewares/ST/STM32_USB_Device_Library/Class/AUDIO/Src/usbd_audio.o
 .debug_info    0x0000000000010804     0x11d2 Middlewares/ST/STM32_USB_Device_Library/Core/Src/usbd_core.o
 .debug_info    0x00000000000119d6     0x1133 Middlewares/ST/STM32_USB_Device_Library/Core/Src/usbd_ctlreq.o
 .debug_info    0x0000000000012b09      0xf33 Middlewares/ST/STM32_USB_Device_Library/Core/Src/usbd_ioreq.o
 .debug_info    0x0000000000013a3c      0xec4 USB_DEVICE/App/usb_device.o
 .debug_info    0x0000000000014900     0x14e5 USB_DEVICE/App/usbd_audio_if.o
 .debug_info    0x0000000000015de5      0xd20 USB_DEVICE/App/usbd_desc.o
 .debug_info    0x0000000000016b05     0x1f6c USB_DEVICE/Target/usbd_conf.o

.debug_abbrev   0x0000000000000000     0x39eb
 .debug_abbrev  0x0000000000000000      0x107 Core/Src/dma.o
 .debug_abbrev  0x0000000000000107      0x134 Core/Src/gpio.o
 .debug_abbrev  0x000000000000023b      0x199 Core/Src/i2c.o
 .debug_abbrev  0x00000000000003d4      0x1aa Core/Src/i2s.o
 .debug_abbrev  0x000000000000057e      0x222 Core/Src/main.o
 .debug_abbrev  0x00000000000007a0      0x109 Core/Src/stm32f4xx_hal_msp.o
 .debug_abbrev  0x00000000000008a9      0x183 Core/Src/stm32f4xx_it.o
 .debug_abbrev  0x0000000000000a2c      0x1bb Core/Src/sysmem.o
 .debug_abbrev  0x0000000000000be7      0x12b Core/Src/system_stm32f4xx.o
 .debug_abbrev  0x0000000000000d12       0x12 Core/Startup/startup_stm32f401retx.o
 .debug_abbrev  0x0000000000000d24      0x1f2 Drivers/STM32F4xx_HAL_Driver/Src/stm32f4xx_hal.o
 .debug_abbrev  0x0000000000000f16      0x2fa Drivers/STM32F4xx_HAL_Driver/Src/stm32f4xx_hal_cortex.o
 .debug_abbrev  0x0000000000001210      0x1f1 Drivers/STM32F4xx_HAL_Driver/Src/stm32f4xx_hal_dma.o
 .debug_abbrev  0x0000000000001401      0x1c9 Drivers/STM32F4xx_HAL_Driver/Src/stm32f4xx_hal_gpio.o
 .debug_abbrev  0x00000000000015ca      0x263 Drivers/STM32F4xx_HAL_Driver/Src/stm32f4xx_hal_i2c.o
 .debug_abbrev  0x000000000000182d      0x240 Drivers/STM32F4xx_HAL_Driver/Src/stm32f4xx_hal_i2s.o
 .debug_abbrev  0x0000000000001a6d      0x255 Drivers/STM32F4xx_HAL_Driver/Src/stm32f4xx_hal_i2s_ex.o
 .debug_abbrev  0x0000000000001cc2      0x266 Drivers/STM32F4xx_HAL_Driver/Src/stm32f4xx_hal_pcd.o
 .debug_abbrev  0x0000000000001f28      0x1cf Drivers/STM32F4xx_HAL_Driver/Src/stm32f4xx_hal_pcd_ex.o
 .debug_abbrev  0x00000000000020f7      0x245 Drivers/STM32F4xx_HAL_Driver/Src/stm32f4xx_hal_rcc.o
 .debug_abbrev  0x000000000000233c      0x173 Drivers/STM32F4xx_HAL_Driver/Src/stm32f4xx_hal_rcc_ex.o
 .debug_abbrev  0x00000000000024af      0x26d Drivers/STM32F4xx_HAL_Driver/Src/stm32f4xx_ll_usb.o
 .debug_abbrev  0x000000000000271c      0x2b2 Middlewares/ST/STM32_USB_Device_Library/Class/AUDIO/Src/usbd_audio.o
 .debug_abbrev  0x00000000000029ce      0x270 Middlewares/ST/STM32_USB_Device_Library/Core/Src/usbd_core.o
 .debug_abbrev  0x0000000000002c3e      0x2a0 Middlewares/ST/STM32_USB_Device_Library/Core/Src/usbd_ctlreq.o
 .debug_abbrev  0x0000000000002ede      0x1e0 Middlewares/ST/STM32_USB_Device_Library/Core/Src/usbd_ioreq.o
 .debug_abbrev  0x00000000000030be      0x1be USB_DEVICE/App/usb_device.o
 .debug_abbrev  0x000000000000327c      0x269 USB_DEVICE/App/usbd_audio_if.o
 .debug_abbrev  0x00000000000034e5      0x265 USB_DEVICE/App/usbd_desc.o
 .debug_abbrev  0x000000000000374a      0x2a1 USB_DEVICE/Target/usbd_conf.o

.debug_aranges  0x0000000000000000     0x10c8
 .debug_aranges
                0x0000000000000000       0x20 Core/Src/dma.o
 .debug_aranges
                0x0000000000000020       0x20 Core/Src/gpio.o
 .debug_aranges
                0x0000000000000040       0x30 Core/Src/i2c.o
 .debug_aranges
                0x0000000000000070       0x30 Core/Src/i2s.o
 .debug_aranges
                0x00000000000000a0       0x38 Core/Src/main.o
 .debug_aranges
                0x00000000000000d8       0x20 Core/Src/stm32f4xx_hal_msp.o
 .debug_aranges
                0x00000000000000f8       0x70 Core/Src/stm32f4xx_it.o
 .debug_aranges
                0x0000000000000168       0x20 Core/Src/sysmem.o
 .debug_aranges
                0x0000000000000188       0x28 Core/Src/system_stm32f4xx.o
 .debug_aranges
                0x00000000000001b0       0x28 Core/Startup/startup_stm32f401retx.o
 .debug_aranges
                0x00000000000001d8       0xf0 Drivers/STM32F4xx_HAL_Driver/Src/stm32f4xx_hal.o
 .debug_aranges
                0x00000000000002c8      0x118 Drivers/STM32F4xx_HAL_Driver/Src/stm32f4xx_hal_cortex.o
 .debug_aranges
                0x00000000000003e0       0x90 Drivers/STM32F4xx_HAL_Driver/Src/stm32f4xx_hal_dma.o
 .debug_aranges
                0x0000000000000470       0x58 Drivers/STM32F4xx_HAL_Driver/Src/stm32f4xx_hal_gpio.o
 .debug_aranges
                0x00000000000004c8      0x298 Drivers/STM32F4xx_HAL_Driver/Src/stm32f4xx_hal_i2c.o
 .debug_aranges
                0x0000000000000760      0x108 Drivers/STM32F4xx_HAL_Driver/Src/stm32f4xx_hal_i2s.o
 .debug_aranges
                0x0000000000000868       0x88 Drivers/STM32F4xx_HAL_Driver/Src/stm32f4xx_hal_i2s_ex.o
 .debug_aranges
                0x00000000000008f0      0x130 Drivers/STM32F4xx_HAL_Driver/Src/stm32f4xx_hal_pcd.o
 .debug_aranges
                0x0000000000000a20       0x38 Drivers/STM32F4xx_HAL_Driver/Src/stm32f4xx_hal_pcd_ex.o
 .debug_aranges
                0x0000000000000a58       0x88 Drivers/STM32F4xx_HAL_Driver/Src/stm32f4xx_hal_rcc.o
 .debug_aranges
                0x0000000000000ae0       0x48 Drivers/STM32F4xx_HAL_Driver/Src/stm32f4xx_hal_rcc_ex.o
 .debug_aranges
                0x0000000000000b28      0x198 Drivers/STM32F4xx_HAL_Driver/Src/stm32f4xx_ll_usb.o
 .debug_aranges
                0x0000000000000cc0       0x98 Middlewares/ST/STM32_USB_Device_Library/Class/AUDIO/Src/usbd_audio.o
 .debug_aranges
                0x0000000000000d58       0xb8 Middlewares/ST/STM32_USB_Device_Library/Core/Src/usbd_core.o
 .debug_aranges
                0x0000000000000e10       0x88 Middlewares/ST/STM32_USB_Device_Library/Core/Src/usbd_ctlreq.o
 .debug_aranges
                0x0000000000000e98       0x50 Middlewares/ST/STM32_USB_Device_Library/Core/Src/usbd_ioreq.o
 .debug_aranges
                0x0000000000000ee8       0x20 USB_DEVICE/App/usb_device.o
 .debug_aranges
                0x0000000000000f08       0x60 USB_DEVICE/App/usbd_audio_if.o
 .debug_aranges
                0x0000000000000f68       0x60 USB_DEVICE/App/usbd_desc.o
 .debug_aranges
                0x0000000000000fc8      0x100 USB_DEVICE/Target/usbd_conf.o

.debug_ranges   0x0000000000000000      0xf10
 .debug_ranges  0x0000000000000000       0x10 Core/Src/dma.o
 .debug_ranges  0x0000000000000010       0x10 Core/Src/gpio.o
 .debug_ranges  0x0000000000000020       0x20 Core/Src/i2c.o
 .debug_ranges  0x0000000000000040       0x20 Core/Src/i2s.o
 .debug_ranges  0x0000000000000060       0x28 Core/Src/main.o
 .debug_ranges  0x0000000000000088       0x10 Core/Src/stm32f4xx_hal_msp.o
 .debug_ranges  0x0000000000000098       0x60 Core/Src/stm32f4xx_it.o
 .debug_ranges  0x00000000000000f8       0x10 Core/Src/sysmem.o
 .debug_ranges  0x0000000000000108       0x18 Core/Src/system_stm32f4xx.o
 .debug_ranges  0x0000000000000120       0x20 Core/Startup/startup_stm32f401retx.o
 .debug_ranges  0x0000000000000140       0xe0 Drivers/STM32F4xx_HAL_Driver/Src/stm32f4xx_hal.o
 .debug_ranges  0x0000000000000220      0x108 Drivers/STM32F4xx_HAL_Driver/Src/stm32f4xx_hal_cortex.o
 .debug_ranges  0x0000000000000328       0x80 Drivers/STM32F4xx_HAL_Driver/Src/stm32f4xx_hal_dma.o
 .debug_ranges  0x00000000000003a8       0x48 Drivers/STM32F4xx_HAL_Driver/Src/stm32f4xx_hal_gpio.o
 .debug_ranges  0x00000000000003f0      0x2a8 Drivers/STM32F4xx_HAL_Driver/Src/stm32f4xx_hal_i2c.o
 .debug_ranges  0x0000000000000698       0xf8 Drivers/STM32F4xx_HAL_Driver/Src/stm32f4xx_hal_i2s.o
 .debug_ranges  0x0000000000000790       0x78 Drivers/STM32F4xx_HAL_Driver/Src/stm32f4xx_hal_i2s_ex.o
 .debug_ranges  0x0000000000000808      0x120 Drivers/STM32F4xx_HAL_Driver/Src/stm32f4xx_hal_pcd.o
 .debug_ranges  0x0000000000000928       0x28 Drivers/STM32F4xx_HAL_Driver/Src/stm32f4xx_hal_pcd_ex.o
 .debug_ranges  0x0000000000000950       0x78 Drivers/STM32F4xx_HAL_Driver/Src/stm32f4xx_hal_rcc.o
 .debug_ranges  0x00000000000009c8       0x38 Drivers/STM32F4xx_HAL_Driver/Src/stm32f4xx_hal_rcc_ex.o
 .debug_ranges  0x0000000000000a00      0x188 Drivers/STM32F4xx_HAL_Driver/Src/stm32f4xx_ll_usb.o
 .debug_ranges  0x0000000000000b88       0x88 Middlewares/ST/STM32_USB_Device_Library/Class/AUDIO/Src/usbd_audio.o
 .debug_ranges  0x0000000000000c10       0xa8 Middlewares/ST/STM32_USB_Device_Library/Core/Src/usbd_core.o
 .debug_ranges  0x0000000000000cb8       0x78 Middlewares/ST/STM32_USB_Device_Library/Core/Src/usbd_ctlreq.o
 .debug_ranges  0x0000000000000d30       0x40 Middlewares/ST/STM32_USB_Device_Library/Core/Src/usbd_ioreq.o
 .debug_ranges  0x0000000000000d70       0x10 USB_DEVICE/App/usb_device.o
 .debug_ranges  0x0000000000000d80       0x50 USB_DEVICE/App/usbd_audio_if.o
 .debug_ranges  0x0000000000000dd0       0x50 USB_DEVICE/App/usbd_desc.o
 .debug_ranges  0x0000000000000e20       0xf0 USB_DEVICE/Target/usbd_conf.o

.debug_macro    0x0000000000000000    0x19c67
 .debug_macro   0x0000000000000000      0x21a Core/Src/dma.o
 .debug_macro   0x000000000000021a      0xa5a Core/Src/dma.o
 .debug_macro   0x0000000000000c74      0x197 Core/Src/dma.o
 .debug_macro   0x0000000000000e0b       0x32 Core/Src/dma.o
 .debug_macro   0x0000000000000e3d       0x28 Core/Src/dma.o
 .debug_macro   0x0000000000000e65       0x22 Core/Src/dma.o
 .debug_macro   0x0000000000000e87       0x8e Core/Src/dma.o
 .debug_macro   0x0000000000000f15       0x51 Core/Src/dma.o
 .debug_macro   0x0000000000000f66       0xef Core/Src/dma.o
 .debug_macro   0x0000000000001055       0x6a Core/Src/dma.o
 .debug_macro   0x00000000000010bf      0x1df Core/Src/dma.o
 .debug_macro   0x000000000000129e       0x1c Core/Src/dma.o
 .debug_macro   0x00000000000012ba       0x22 Core/Src/dma.o
 .debug_macro   0x00000000000012dc       0xdf Core/Src/dma.o
 .debug_macro   0x00000000000013bb     0x102d Core/Src/dma.o
 .debug_macro   0x00000000000023e8      0x11f Core/Src/dma.o
 .debug_macro   0x0000000000002507     0xb850 Core/Src/dma.o
 .debug_macro   0x000000000000dd57       0x43 Core/Src/dma.o
 .debug_macro   0x000000000000dd9a     0x3652 Core/Src/dma.o
 .debug_macro   0x00000000000113ec      0x174 Core/Src/dma.o
 .debug_macro   0x0000000000011560       0x5a Core/Src/dma.o
 .debug_macro   0x00000000000115ba      0x416 Core/Src/dma.o
 .debug_macro   0x00000000000119d0      0x9fe Core/Src/dma.o
 .debug_macro   0x00000000000123ce      0x15f Core/Src/dma.o
 .debug_macro   0x000000000001252d      0x117 Core/Src/dma.o
 .debug_macro   0x0000000000012644       0xf8 Core/Src/dma.o
 .debug_macro   0x000000000001273c       0x27 Core/Src/dma.o
 .debug_macro   0x0000000000012763      0x287 Core/Src/dma.o
 .debug_macro   0x00000000000129ea       0x5f Core/Src/dma.o
 .debug_macro   0x0000000000012a49      0x236 Core/Src/dma.o
 .debug_macro   0x0000000000012c7f      0x132 Core/Src/dma.o
 .debug_macro   0x0000000000012db1      0x264 Core/Src/dma.o
 .debug_macro   0x0000000000013015       0x2e Core/Src/dma.o
 .debug_macro   0x0000000000013043      0x1b5 Core/Src/dma.o
 .debug_macro   0x00000000000131f8       0x22 Core/Src/dma.o
 .debug_macro   0x000000000001321a       0xd6 Core/Src/dma.o
 .debug_macro   0x00000000000132f0      0x199 Core/Src/dma.o
 .debug_macro   0x0000000000013489       0x40 Core/Src/dma.o
 .debug_macro   0x00000000000134c9       0x4a Core/Src/dma.o
 .debug_macro   0x0000000000013513      0x11a Core/Src/dma.o